
=== bapa_cvc5: 240 benchmarks, sequential, timeout 100s ===
  [1/240] arith/cvc5_bapa/fol_0000001.smt2 : sat : 0.00s
  [2/240] arith/cvc5_bapa/fol_0000002.smt2 : sat : 0.00s
  [3/240] arith/cvc5_bapa/fol_0000003.smt2 : sat : 0.01s
  [4/240] arith/cvc5_bapa/fol_0000004.smt2 : sat : 0.04s
  [5/240] arith/cvc5_bapa/fol_0000005.smt2 : sat : 0.03s
  [6/240] arith/cvc5_bapa/fol_0000006.smt2 : sat : 0.03s
  [7/240] arith/cvc5_bapa/fol_0000007.smt2 : sat : 0.03s
  [8/240] arith/cvc5_bapa/fol_0000008.smt2 : sat : 0.03s
  [9/240] arith/cvc5_bapa/fol_0000009.smt2 : sat : 0.03s
  [10/240] arith/cvc5_bapa/fol_0000010.smt2 : sat : 0.03s
  [11/240] arith/cvc5_bapa/fol_0000011.smt2 : sat : 0.03s
  [12/240] arith/cvc5_bapa/fol_0000012.smt2 : sat : 0.03s
  [13/240] arith/cvc5_bapa/fol_0000013.smt2 : sat : 0.03s
  [14/240] arith/cvc5_bapa/fol_0000014.smt2 : sat : 0.03s
  [15/240] arith/cvc5_bapa/fol_0000015.smt2 : sat : 0.03s
  [16/240] arith/cvc5_bapa/fol_0000016.smt2 : sat : 0.03s
  [17/240] arith/cvc5_bapa/fol_0000017.smt2 : sat : 0.03s
  [18/240] arith/cvc5_bapa/fol_0000018.smt2 : sat : 0.03s
  [19/240] arith/cvc5_bapa/fol_0000019.smt2 : sat : 0.03s
  [20/240] arith/cvc5_bapa/fol_0000020.smt2 : sat : 0.03s
  [21/240] arith/cvc5_bapa/fol_0000021.smt2 : unsat : 0.01s
  [22/240] arith/cvc5_bapa/fol_0000022.smt2 : sat : 0.03s
  [23/240] arith/cvc5_bapa/fol_0000023.smt2 : unsat : 0.01s
  [24/240] arith/cvc5_bapa/fol_0000024.smt2 : sat : 0.03s
  [25/240] arith/cvc5_bapa/fol_0000025.smt2 : sat : 0.01s
  [26/240] arith/cvc5_bapa/fol_0000026.smt2 : sat : 0.01s
  [27/240] arith/cvc5_bapa/fol_0000027.smt2 : sat : 0.01s
  [28/240] arith/cvc5_bapa/fol_0000028.smt2 : unsat : 0.05s
  [29/240] arith/cvc5_bapa/fol_0000029.smt2 : sat : 0.05s
  [30/240] arith/cvc5_bapa/fol_0000030.smt2 : unsat : 0.01s
  [31/240] arith/cvc5_bapa/fol_0000031.smt2 : sat : 0.03s
  [32/240] arith/cvc5_bapa/fol_0000032.smt2 : unsat : 0.01s
  [33/240] arith/cvc5_bapa/fol_0000033.smt2 : sat : 0.03s
  [34/240] arith/cvc5_bapa/fol_0000034.smt2 : unsat : 0.01s
  [35/240] arith/cvc5_bapa/fol_0000035.smt2 : sat : 0.03s
  [36/240] arith/cvc5_bapa/fol_0000036.smt2 : sat : 0.01s
  [37/240] arith/cvc5_bapa/fol_0000037.smt2 : sat : 0.03s
  [38/240] arith/cvc5_bapa/fol_0000038.smt2 : unsat : 0.01s
  [39/240] arith/cvc5_bapa/fol_0000039.smt2 : sat : 0.03s
  [40/240] arith/cvc5_bapa/fol_0000040.smt2 : unsat : 0.01s
  [41/240] arith/cvc5_bapa/fol_0000041.smt2 : sat : 0.03s
  [42/240] arith/cvc5_bapa/fol_0000042.smt2 : sat : 0.01s
  [43/240] arith/cvc5_bapa/fol_0000043.smt2 : sat : 0.05s
  [44/240] arith/cvc5_bapa/fol_0000044.smt2 : sat : 0.03s
  [45/240] arith/cvc5_bapa/fol_0000045.smt2 : unsat : 0.05s
  [46/240] arith/cvc5_bapa/fol_0000046.smt2 : sat : 0.05s
  [47/240] arith/cvc5_bapa/fol_0000047.smt2 : unsat : 0.05s
  [48/240] arith/cvc5_bapa/fol_0000048.smt2 : sat : 0.06s
  [49/240] arith/cvc5_bapa/fol_0000049.smt2 : sat : 0.06s
  [50/240] arith/cvc5_bapa/fol_0000050.smt2 : sat : 0.01s
  [51/240] arith/cvc5_bapa/fol_0000051.smt2 : sat : 0.05s
  [52/240] arith/cvc5_bapa/fol_0000052.smt2 : sat : 0.06s
  [53/240] arith/cvc5_bapa/fol_0000053.smt2 : sat : 0.06s
  [54/240] arith/cvc5_bapa/fol_0000054.smt2 : sat : 0.06s
  [55/240] arith/cvc5_bapa/fol_0000055.smt2 : unsat : 0.01s
  [56/240] arith/cvc5_bapa/fol_0000056.smt2 : sat : 0.03s
  [57/240] arith/cvc5_bapa/fol_0000057.smt2 : sat : 0.05s
  [58/240] arith/cvc5_bapa/fol_0000058.smt2 : unsat : 0.05s
  [59/240] arith/cvc5_bapa/fol_0000059.smt2 : unsat : 0.01s
  [60/240] arith/cvc5_bapa/fol_0000060.smt2 : unsat : 0.05s
  [61/240] arith/cvc5_bapa/fol_0000061.smt2 : unsat : 0.06s
  [62/240] arith/cvc5_bapa/fol_0000062.smt2 : sat : 0.06s
  [63/240] arith/cvc5_bapa/fol_0000063.smt2 : unsat : 0.05s
  [64/240] arith/cvc5_bapa/fol_0000064.smt2 : unsat : 0.01s
  [65/240] arith/cvc5_bapa/fol_0000065.smt2 : unsat : 0.05s
  [66/240] arith/cvc5_bapa/fol_0000066.smt2 : unsat : 0.05s
  [67/240] arith/cvc5_bapa/fol_0000067.smt2 : unsat : 0.05s
  [68/240] arith/cvc5_bapa/fol_0000068.smt2 : unsat : 0.06s
  [69/240] arith/cvc5_bapa/fol_0000069.smt2 : sat : 0.06s
  [70/240] arith/cvc5_bapa/fol_0000070.smt2 : unsat : 0.05s
  [71/240] arith/cvc5_bapa/fol_0000071.smt2 : sat : 0.05s
  [72/240] arith/cvc5_bapa/fol_0000072.smt2 : sat : 0.06s
  [73/240] arith/cvc5_bapa/fol_0000073.smt2 : sat : 0.01s
  [74/240] arith/cvc5_bapa/fol_0000074.smt2 : sat : 0.05s
  [75/240] arith/cvc5_bapa/fol_0000075.smt2 : sat : 0.06s
  [76/240] arith/cvc5_bapa/fol_0000076.smt2 : sat : 0.06s
  [77/240] arith/cvc5_bapa/fol_0000077.smt2 : sat : 0.06s
  [78/240] arith/cvc5_bapa/fol_0000078.smt2 : unsat : 0.01s
  [79/240] arith/cvc5_bapa/fol_0000079.smt2 : sat : 0.03s
  [80/240] arith/cvc5_bapa/fol_0000080.smt2 : sat : 0.03s
  [81/240] arith/cvc5_bapa/fol_0000081.smt2 : unsat : 0.01s
  [82/240] arith/cvc5_bapa/fol_0000082.smt2 : sat : 0.03s
  [83/240] arith/cvc5_bapa/fol_0000083.smt2 : unsat : 0.01s
  [84/240] arith/cvc5_bapa/fol_0000084.smt2 : sat : 0.05s
  [85/240] arith/cvc5_bapa/fol_0000085.smt2 : unsat : 0.06s
  [86/240] arith/cvc5_bapa/fol_0000086.smt2 : unsat : 0.05s
  [87/240] arith/cvc5_bapa/fol_0000087.smt2 : unsat : 0.01s
  [88/240] arith/cvc5_bapa/fol_0000088.smt2 : unsat : 0.05s
  [89/240] arith/cvc5_bapa/fol_0000089.smt2 : unsat : 0.05s
  [90/240] arith/cvc5_bapa/fol_0000090.smt2 : sat : 0.03s
  [91/240] arith/cvc5_bapa/fol_0000091.smt2 : unsat : 0.01s
  [92/240] arith/cvc5_bapa/fol_0000092.smt2 : unsat : 0.01s
  [93/240] arith/cvc5_bapa/fol_0000093.smt2 : unsat : 0.01s
  [94/240] arith/cvc5_bapa/fol_0000094.smt2 : unsat : 0.05s
  [95/240] arith/cvc5_bapa/fol_0000095.smt2 : unsat : 0.06s
  [96/240] arith/cvc5_bapa/fol_0000096.smt2 : sat : 0.05s
  [97/240] arith/cvc5_bapa/fol_0000097.smt2 : unsat : 0.05s
  [98/240] arith/cvc5_bapa/fol_0000098.smt2 : unsat : 0.06s
  [99/240] arith/cvc5_bapa/fol_0000099.smt2 : sat : 0.06s
  [100/240] arith/cvc5_bapa/fol_0000100.smt2 : sat : 0.05s
  [101/240] arith/cvc5_bapa/fol_0000101.smt2 : sat : 0.01s
  [102/240] arith/cvc5_bapa/fol_0000102.smt2 : sat : 0.05s
  [103/240] arith/cvc5_bapa/fol_0000103.smt2 : sat : 0.05s
  [104/240] arith/cvc5_bapa/fol_0000104.smt2 : sat : 0.06s
  [105/240] arith/cvc5_bapa/fol_0000105.smt2 : sat : 0.06s
  [106/240] arith/cvc5_bapa/fol_0000106.smt2 : sat : 0.06s
  [107/240] arith/cvc5_bapa/fol_0000107.smt2 : unsat : 0.01s
  [108/240] arith/cvc5_bapa/fol_0000108.smt2 : sat : 0.03s
  [109/240] arith/cvc5_bapa/fol_0000109.smt2 : sat : 0.05s
  [110/240] arith/cvc5_bapa/fol_0000110.smt2 : unsat : 0.05s
  [111/240] arith/cvc5_bapa/fol_0000111.smt2 : unsat : 0.01s
  [112/240] arith/cvc5_bapa/fol_0000112.smt2 : unsat : 0.05s
  [113/240] arith/cvc5_bapa/fol_0000113.smt2 : sat : 0.03s
  [114/240] arith/cvc5_bapa/fol_0000114.smt2 : unsat : 0.01s
  [115/240] arith/cvc5_bapa/fol_0000115.smt2 : unsat : 0.01s
  [116/240] arith/cvc5_bapa/fol_0000116.smt2 : unsat : 0.01s
  [117/240] arith/cvc5_bapa/fol_0000117.smt2 : sat : 0.03s
  [118/240] arith/cvc5_bapa/fol_0000118.smt2 : sat : 0.05s
  [119/240] arith/cvc5_bapa/fol_0000119.smt2 : unsat : 0.05s
  [120/240] arith/cvc5_bapa/fol_0000120.smt2 : unsat : 0.01s
  [121/240] card/cvc5_bapa/fol_0000001.smt2 : sat : 0.01s
  [122/240] card/cvc5_bapa/fol_0000002.smt2 : sat : 0.00s
  [123/240] card/cvc5_bapa/fol_0000003.smt2 : sat : 0.01s
  [124/240] card/cvc5_bapa/fol_0000004.smt2 : sat : 0.03s
  [125/240] card/cvc5_bapa/fol_0000005.smt2 : sat : 0.02s
  [126/240] card/cvc5_bapa/fol_0000006.smt2 : sat : 0.02s
  [127/240] card/cvc5_bapa/fol_0000007.smt2 : sat : 0.02s
  [128/240] card/cvc5_bapa/fol_0000008.smt2 : sat : 0.02s
  [129/240] card/cvc5_bapa/fol_0000009.smt2 : sat : 0.02s
  [130/240] card/cvc5_bapa/fol_0000010.smt2 : sat : 0.02s
  [131/240] card/cvc5_bapa/fol_0000011.smt2 : sat : 0.02s
  [132/240] card/cvc5_bapa/fol_0000012.smt2 : sat : 0.02s
  [133/240] card/cvc5_bapa/fol_0000013.smt2 : sat : 0.02s
  [134/240] card/cvc5_bapa/fol_0000014.smt2 : sat : 0.02s
  [135/240] card/cvc5_bapa/fol_0000015.smt2 : sat : 0.02s
  [136/240] card/cvc5_bapa/fol_0000016.smt2 : sat : 0.02s
  [137/240] card/cvc5_bapa/fol_0000017.smt2 : sat : 0.02s
  [138/240] card/cvc5_bapa/fol_0000018.smt2 : sat : 0.02s
  [139/240] card/cvc5_bapa/fol_0000019.smt2 : sat : 0.02s
  [140/240] card/cvc5_bapa/fol_0000020.smt2 : sat : 0.02s
  [141/240] card/cvc5_bapa/fol_0000021.smt2 : unsat : 0.00s
  [142/240] card/cvc5_bapa/fol_0000022.smt2 : sat : 0.02s
  [143/240] card/cvc5_bapa/fol_0000023.smt2 : unsat : 0.00s
  [144/240] card/cvc5_bapa/fol_0000024.smt2 : sat : 0.02s
  [145/240] card/cvc5_bapa/fol_0000025.smt2 : sat : 0.00s
  [146/240] card/cvc5_bapa/fol_0000026.smt2 : sat : 0.00s
  [147/240] card/cvc5_bapa/fol_0000027.smt2 : sat : 0.00s
  [148/240] card/cvc5_bapa/fol_0000028.smt2 : unsat : 0.05s
  [149/240] card/cvc5_bapa/fol_0000029.smt2 : sat : 0.05s
  [150/240] card/cvc5_bapa/fol_0000030.smt2 : unsat : 0.00s
  [151/240] card/cvc5_bapa/fol_0000031.smt2 : sat : 0.02s
  [152/240] card/cvc5_bapa/fol_0000032.smt2 : unsat : 0.00s
  [153/240] card/cvc5_bapa/fol_0000033.smt2 : sat : 0.02s
  [154/240] card/cvc5_bapa/fol_0000034.smt2 : unsat : 0.00s
  [155/240] card/cvc5_bapa/fol_0000035.smt2 : sat : 0.02s
  [156/240] card/cvc5_bapa/fol_0000036.smt2 : sat : 0.00s
  [157/240] card/cvc5_bapa/fol_0000037.smt2 : sat : 0.02s
  [158/240] card/cvc5_bapa/fol_0000038.smt2 : unsat : 0.00s
  [159/240] card/cvc5_bapa/fol_0000039.smt2 : sat : 0.02s
  [160/240] card/cvc5_bapa/fol_0000040.smt2 : unsat : 0.01s
  [161/240] card/cvc5_bapa/fol_0000041.smt2 : sat : 0.02s
  [162/240] card/cvc5_bapa/fol_0000042.smt2 : sat : 0.00s
  [163/240] card/cvc5_bapa/fol_0000043.smt2 : sat : 0.05s
  [164/240] card/cvc5_bapa/fol_0000044.smt2 : sat : 0.02s
  [165/240] card/cvc5_bapa/fol_0000045.smt2 : unsat : 0.19s
  [166/240] card/cvc5_bapa/fol_0000046.smt2 : sat : 5.45s
  [167/240] card/cvc5_bapa/fol_0000047.smt2 : unsat : 3.54s
  [168/240] card/cvc5_bapa/fol_0000048.smt2 : timeout : 100.00s
  [169/240] card/cvc5_bapa/fol_0000049.smt2 : timeout : 100.00s
  [170/240] card/cvc5_bapa/fol_0000050.smt2 : sat : 0.02s
  [171/240] card/cvc5_bapa/fol_0000051.smt2 : sat : 3.78s
  [172/240] card/cvc5_bapa/fol_0000052.smt2 : sat : 3.72s
  [173/240] card/cvc5_bapa/fol_0000053.smt2 : sat : 3.66s
  [174/240] card/cvc5_bapa/fol_0000054.smt2 : sat : 3.74s
  [175/240] card/cvc5_bapa/fol_0000055.smt2 : unsat : 3.50s
  [176/240] card/cvc5_bapa/fol_0000056.smt2 : sat : 0.02s
  [177/240] card/cvc5_bapa/fol_0000057.smt2 : sat : 0.19s
  [178/240] card/cvc5_bapa/fol_0000058.smt2 : unsat : 0.06s
  [179/240] card/cvc5_bapa/fol_0000059.smt2 : unsat : 0.01s
  [180/240] card/cvc5_bapa/fol_0000060.smt2 : unsat : 0.18s
  [181/240] card/cvc5_bapa/fol_0000061.smt2 : unsat : 0.19s
  [182/240] card/cvc5_bapa/fol_0000062.smt2 : sat : 0.19s
  [183/240] card/cvc5_bapa/fol_0000063.smt2 : unsat : 0.06s
  [184/240] card/cvc5_bapa/fol_0000064.smt2 : unsat : 0.01s
  [185/240] card/cvc5_bapa/fol_0000065.smt2 : unsat : 0.18s
  [186/240] card/cvc5_bapa/fol_0000066.smt2 : unsat : 0.18s
  [187/240] card/cvc5_bapa/fol_0000067.smt2 : unsat : 0.18s
  [188/240] card/cvc5_bapa/fol_0000068.smt2 : unsat : 0.18s
  [189/240] card/cvc5_bapa/fol_0000069.smt2 : sat : 3.68s
  [190/240] card/cvc5_bapa/fol_0000070.smt2 : unsat : 3.47s
  [191/240] card/cvc5_bapa/fol_0000071.smt2 : timeout : 100.00s
  [192/240] card/cvc5_bapa/fol_0000072.smt2 : timeout : 100.00s
  [193/240] card/cvc5_bapa/fol_0000073.smt2 : sat : 0.02s
  [194/240] card/cvc5_bapa/fol_0000074.smt2 : sat : 3.79s
  [195/240] card/cvc5_bapa/fol_0000075.smt2 : sat : 3.70s
  [196/240] card/cvc5_bapa/fol_0000076.smt2 : sat : 3.68s
  [197/240] card/cvc5_bapa/fol_0000077.smt2 : sat : 3.80s
  [198/240] card/cvc5_bapa/fol_0000078.smt2 : unsat : 3.50s
  [199/240] card/cvc5_bapa/fol_0000079.smt2 : sat : 0.02s
  [200/240] card/cvc5_bapa/fol_0000080.smt2 : sat : 0.34s
  [201/240] card/cvc5_bapa/fol_0000081.smt2 : unsat : 0.01s
  [202/240] card/cvc5_bapa/fol_0000082.smt2 : sat : 0.38s
  [203/240] card/cvc5_bapa/fol_0000083.smt2 : unsat : 0.33s
  [204/240] card/cvc5_bapa/fol_0000084.smt2 : sat : 3.69s
  [205/240] card/cvc5_bapa/fol_0000085.smt2 : unsat : 0.18s
  [206/240] card/cvc5_bapa/fol_0000086.smt2 : unsat : 0.18s
  [207/240] card/cvc5_bapa/fol_0000087.smt2 : unsat : 0.33s
  [208/240] card/cvc5_bapa/fol_0000088.smt2 : unsat : 3.41s
  [209/240] card/cvc5_bapa/fol_0000089.smt2 : unsat : 3.47s
  [210/240] card/cvc5_bapa/fol_0000090.smt2 : sat : 0.34s
  [211/240] card/cvc5_bapa/fol_0000091.smt2 : unsat : 0.01s
  [212/240] card/cvc5_bapa/fol_0000092.smt2 : unsat : 0.33s
  [213/240] card/cvc5_bapa/fol_0000093.smt2 : unsat : 0.33s
  [214/240] card/cvc5_bapa/fol_0000094.smt2 : unsat : 0.18s
  [215/240] card/cvc5_bapa/fol_0000095.smt2 : unsat : 3.41s
  [216/240] card/cvc5_bapa/fol_0000096.smt2 : timeout : 100.00s
  [217/240] card/cvc5_bapa/fol_0000097.smt2 : timeout : 100.00s
  [218/240] card/cvc5_bapa/fol_0000098.smt2 : timeout : 100.00s
  [219/240] card/cvc5_bapa/fol_0000099.smt2 : timeout : 100.00s
  [220/240] card/cvc5_bapa/fol_0000100.smt2 : timeout : 100.00s
  [221/240] card/cvc5_bapa/fol_0000101.smt2 : sat : 0.01s
  [222/240] card/cvc5_bapa/fol_0000102.smt2 : timeout : 100.00s
  [223/240] card/cvc5_bapa/fol_0000103.smt2 : timeout : 100.00s
  [224/240] card/cvc5_bapa/fol_0000104.smt2 : timeout : 100.00s
  [225/240] card/cvc5_bapa/fol_0000105.smt2 : timeout : 100.00s
  [226/240] card/cvc5_bapa/fol_0000106.smt2 : timeout : 100.00s
  [227/240] card/cvc5_bapa/fol_0000107.smt2 : timeout : 100.00s
  [228/240] card/cvc5_bapa/fol_0000108.smt2 : sat : 0.01s
  [229/240] card/cvc5_bapa/fol_0000109.smt2 : sat : 5.42s
  [230/240] card/cvc5_bapa/fol_0000110.smt2 : unsat : 0.18s
  [231/240] card/cvc5_bapa/fol_0000111.smt2 : unsat : 0.33s
  [232/240] card/cvc5_bapa/fol_0000112.smt2 : unsat : 3.48s
  [233/240] card/cvc5_bapa/fol_0000113.smt2 : sat : 3.99s
  [234/240] card/cvc5_bapa/fol_0000114.smt2 : unsat : 0.33s
  [235/240] card/cvc5_bapa/fol_0000115.smt2 : unsat : 0.33s
  [236/240] card/cvc5_bapa/fol_0000116.smt2 : unsat : 3.53s
  [237/240] card/cvc5_bapa/fol_0000117.smt2 : sat : 3.93s
  [238/240] card/cvc5_bapa/fol_0000118.smt2 : timeout : 100.00s
  [239/240] card/cvc5_bapa/fol_0000119.smt2 : unsat : 3.41s
  [240/240] card/cvc5_bapa/fol_0000120.smt2 : unsat : 3.52s
  wrote /Users/mahgoubyahia/fmcad26/output/bapa_cvc5.csv
  bapa_cvc5: updated 240/240 rows

=== mapa_cvc5: 240 benchmarks, sequential, timeout 100s ===
  [1/240] arith/cvc5_mapa/fol_0000001.smt2 : sat : 0.01s
  [2/240] arith/cvc5_mapa/fol_0000002.smt2 : sat : 0.01s
  [3/240] arith/cvc5_mapa/fol_0000003.smt2 : sat : 0.01s
  [4/240] arith/cvc5_mapa/fol_0000004.smt2 : sat : 0.01s
  [5/240] arith/cvc5_mapa/fol_0000005.smt2 : sat : 0.01s
  [6/240] arith/cvc5_mapa/fol_0000006.smt2 : sat : 0.01s
  [7/240] arith/cvc5_mapa/fol_0000007.smt2 : sat : 0.01s
  [8/240] arith/cvc5_mapa/fol_0000008.smt2 : sat : 0.01s
  [9/240] arith/cvc5_mapa/fol_0000009.smt2 : sat : 0.01s
  [10/240] arith/cvc5_mapa/fol_0000010.smt2 : sat : 0.01s
  [11/240] arith/cvc5_mapa/fol_0000011.smt2 : sat : 0.01s
  [12/240] arith/cvc5_mapa/fol_0000012.smt2 : sat : 0.01s
  [13/240] arith/cvc5_mapa/fol_0000013.smt2 : sat : 0.01s
  [14/240] arith/cvc5_mapa/fol_0000014.smt2 : sat : 0.01s
  [15/240] arith/cvc5_mapa/fol_0000015.smt2 : sat : 0.01s
  [16/240] arith/cvc5_mapa/fol_0000016.smt2 : sat : 0.01s
  [17/240] arith/cvc5_mapa/fol_0000017.smt2 : sat : 0.01s
  [18/240] arith/cvc5_mapa/fol_0000018.smt2 : sat : 0.01s
  [19/240] arith/cvc5_mapa/fol_0000019.smt2 : sat : 0.01s
  [20/240] arith/cvc5_mapa/fol_0000020.smt2 : sat : 0.01s
  [21/240] arith/cvc5_mapa/fol_0000021.smt2 : unsat : 0.01s
  [22/240] arith/cvc5_mapa/fol_0000022.smt2 : sat : 0.01s
  [23/240] arith/cvc5_mapa/fol_0000023.smt2 : unsat : 0.01s
  [24/240] arith/cvc5_mapa/fol_0000024.smt2 : sat : 0.01s
  [25/240] arith/cvc5_mapa/fol_0000025.smt2 : sat : 0.01s
  [26/240] arith/cvc5_mapa/fol_0000026.smt2 : sat : 0.01s
  [27/240] arith/cvc5_mapa/fol_0000027.smt2 : sat : 0.01s
  [28/240] arith/cvc5_mapa/fol_0000028.smt2 : unsat : 0.02s
  [29/240] arith/cvc5_mapa/fol_0000029.smt2 : sat : 0.01s
  [30/240] arith/cvc5_mapa/fol_0000030.smt2 : unsat : 0.01s
  [31/240] arith/cvc5_mapa/fol_0000031.smt2 : sat : 0.01s
  [32/240] arith/cvc5_mapa/fol_0000032.smt2 : unsat : 0.01s
  [33/240] arith/cvc5_mapa/fol_0000033.smt2 : sat : 0.01s
  [34/240] arith/cvc5_mapa/fol_0000034.smt2 : unsat : 0.01s
  [35/240] arith/cvc5_mapa/fol_0000035.smt2 : sat : 0.01s
  [36/240] arith/cvc5_mapa/fol_0000036.smt2 : sat : 0.01s
  [37/240] arith/cvc5_mapa/fol_0000037.smt2 : sat : 0.01s
  [38/240] arith/cvc5_mapa/fol_0000038.smt2 : unsat : 0.01s
  [39/240] arith/cvc5_mapa/fol_0000039.smt2 : sat : 0.01s
  [40/240] arith/cvc5_mapa/fol_0000040.smt2 : unsat : 0.01s
  [41/240] arith/cvc5_mapa/fol_0000041.smt2 : sat : 0.01s
  [42/240] arith/cvc5_mapa/fol_0000042.smt2 : sat : 0.01s
  [43/240] arith/cvc5_mapa/fol_0000043.smt2 : sat : 0.01s
  [44/240] arith/cvc5_mapa/fol_0000044.smt2 : sat : 0.01s
  [45/240] arith/cvc5_mapa/fol_0000045.smt2 : unsat : 0.02s
  [46/240] arith/cvc5_mapa/fol_0000046.smt2 : sat : 0.01s
  [47/240] arith/cvc5_mapa/fol_0000047.smt2 : unsat : 0.02s
  [48/240] arith/cvc5_mapa/fol_0000048.smt2 : sat : 0.01s
  [49/240] arith/cvc5_mapa/fol_0000049.smt2 : sat : 0.01s
  [50/240] arith/cvc5_mapa/fol_0000050.smt2 : sat : 0.01s
  [51/240] arith/cvc5_mapa/fol_0000051.smt2 : sat : 0.01s
  [52/240] arith/cvc5_mapa/fol_0000052.smt2 : sat : 0.01s
  [53/240] arith/cvc5_mapa/fol_0000053.smt2 : sat : 0.01s
  [54/240] arith/cvc5_mapa/fol_0000054.smt2 : sat : 0.01s
  [55/240] arith/cvc5_mapa/fol_0000055.smt2 : unsat : 0.01s
  [56/240] arith/cvc5_mapa/fol_0000056.smt2 : sat : 0.01s
  [57/240] arith/cvc5_mapa/fol_0000057.smt2 : sat : 0.01s
  [58/240] arith/cvc5_mapa/fol_0000058.smt2 : unsat : 0.01s
  [59/240] arith/cvc5_mapa/fol_0000059.smt2 : unsat : 0.01s
  [60/240] arith/cvc5_mapa/fol_0000060.smt2 : unsat : 0.02s
  [61/240] arith/cvc5_mapa/fol_0000061.smt2 : unsat : 0.02s
  [62/240] arith/cvc5_mapa/fol_0000062.smt2 : sat : 0.01s
  [63/240] arith/cvc5_mapa/fol_0000063.smt2 : unsat : 0.02s
  [64/240] arith/cvc5_mapa/fol_0000064.smt2 : unsat : 0.01s
  [65/240] arith/cvc5_mapa/fol_0000065.smt2 : unsat : 0.02s
  [66/240] arith/cvc5_mapa/fol_0000066.smt2 : unsat : 0.02s
  [67/240] arith/cvc5_mapa/fol_0000067.smt2 : unsat : 0.02s
  [68/240] arith/cvc5_mapa/fol_0000068.smt2 : unsat : 0.02s
  [69/240] arith/cvc5_mapa/fol_0000069.smt2 : sat : 0.01s
  [70/240] arith/cvc5_mapa/fol_0000070.smt2 : unsat : 0.02s
  [71/240] arith/cvc5_mapa/fol_0000071.smt2 : sat : 0.01s
  [72/240] arith/cvc5_mapa/fol_0000072.smt2 : sat : 0.01s
  [73/240] arith/cvc5_mapa/fol_0000073.smt2 : sat : 0.01s
  [74/240] arith/cvc5_mapa/fol_0000074.smt2 : sat : 0.01s
  [75/240] arith/cvc5_mapa/fol_0000075.smt2 : sat : 0.01s
  [76/240] arith/cvc5_mapa/fol_0000076.smt2 : sat : 0.01s
  [77/240] arith/cvc5_mapa/fol_0000077.smt2 : sat : 0.01s
  [78/240] arith/cvc5_mapa/fol_0000078.smt2 : unsat : 0.01s
  [79/240] arith/cvc5_mapa/fol_0000079.smt2 : sat : 0.01s
  [80/240] arith/cvc5_mapa/fol_0000080.smt2 : sat : 0.01s
  [81/240] arith/cvc5_mapa/fol_0000081.smt2 : unsat : 0.01s
  [82/240] arith/cvc5_mapa/fol_0000082.smt2 : sat : 0.01s
  [83/240] arith/cvc5_mapa/fol_0000083.smt2 : unsat : 0.01s
  [84/240] arith/cvc5_mapa/fol_0000084.smt2 : sat : 0.01s
  [85/240] arith/cvc5_mapa/fol_0000085.smt2 : unsat : 0.02s
  [86/240] arith/cvc5_mapa/fol_0000086.smt2 : unsat : 0.02s
  [87/240] arith/cvc5_mapa/fol_0000087.smt2 : unsat : 0.01s
  [88/240] arith/cvc5_mapa/fol_0000088.smt2 : unsat : 0.02s
  [89/240] arith/cvc5_mapa/fol_0000089.smt2 : unsat : 0.02s
  [90/240] arith/cvc5_mapa/fol_0000090.smt2 : sat : 0.01s
  [91/240] arith/cvc5_mapa/fol_0000091.smt2 : unsat : 0.01s
  [92/240] arith/cvc5_mapa/fol_0000092.smt2 : unsat : 0.01s
  [93/240] arith/cvc5_mapa/fol_0000093.smt2 : unsat : 0.01s
  [94/240] arith/cvc5_mapa/fol_0000094.smt2 : unsat : 0.02s
  [95/240] arith/cvc5_mapa/fol_0000095.smt2 : unsat : 0.02s
  [96/240] arith/cvc5_mapa/fol_0000096.smt2 : sat : 0.01s
  [97/240] arith/cvc5_mapa/fol_0000097.smt2 : unsat : 0.02s
  [98/240] arith/cvc5_mapa/fol_0000098.smt2 : unsat : 0.02s
  [99/240] arith/cvc5_mapa/fol_0000099.smt2 : sat : 0.01s
  [100/240] arith/cvc5_mapa/fol_0000100.smt2 : sat : 0.01s
  [101/240] arith/cvc5_mapa/fol_0000101.smt2 : sat : 0.01s
  [102/240] arith/cvc5_mapa/fol_0000102.smt2 : sat : 0.01s
  [103/240] arith/cvc5_mapa/fol_0000103.smt2 : sat : 0.01s
  [104/240] arith/cvc5_mapa/fol_0000104.smt2 : sat : 0.01s
  [105/240] arith/cvc5_mapa/fol_0000105.smt2 : sat : 0.01s
  [106/240] arith/cvc5_mapa/fol_0000106.smt2 : sat : 0.01s
  [107/240] arith/cvc5_mapa/fol_0000107.smt2 : unsat : 0.01s
  [108/240] arith/cvc5_mapa/fol_0000108.smt2 : sat : 0.01s
  [109/240] arith/cvc5_mapa/fol_0000109.smt2 : sat : 0.01s
  [110/240] arith/cvc5_mapa/fol_0000110.smt2 : unsat : 0.02s
  [111/240] arith/cvc5_mapa/fol_0000111.smt2 : unsat : 0.01s
  [112/240] arith/cvc5_mapa/fol_0000112.smt2 : unsat : 0.02s
  [113/240] arith/cvc5_mapa/fol_0000113.smt2 : sat : 0.01s
  [114/240] arith/cvc5_mapa/fol_0000114.smt2 : unsat : 0.01s
  [115/240] arith/cvc5_mapa/fol_0000115.smt2 : unsat : 0.01s
  [116/240] arith/cvc5_mapa/fol_0000116.smt2 : unsat : 0.01s
  [117/240] arith/cvc5_mapa/fol_0000117.smt2 : sat : 0.01s
  [118/240] arith/cvc5_mapa/fol_0000118.smt2 : sat : 0.01s
  [119/240] arith/cvc5_mapa/fol_0000119.smt2 : unsat : 0.02s
  [120/240] arith/cvc5_mapa/fol_0000120.smt2 : unsat : 0.01s
  [121/240] card/cvc5_mapa/fol_0000001.smt2 : sat : 0.01s
  [122/240] card/cvc5_mapa/fol_0000002.smt2 : sat : 0.00s
  [123/240] card/cvc5_mapa/fol_0000003.smt2 : sat : 0.00s
  [124/240] card/cvc5_mapa/fol_0000004.smt2 : sat : 0.01s
  [125/240] card/cvc5_mapa/fol_0000005.smt2 : sat : 0.00s
  [126/240] card/cvc5_mapa/fol_0000006.smt2 : sat : 0.01s
  [127/240] card/cvc5_mapa/fol_0000007.smt2 : sat : 0.00s
  [128/240] card/cvc5_mapa/fol_0000008.smt2 : sat : 0.00s
  [129/240] card/cvc5_mapa/fol_0000009.smt2 : sat : 0.00s
  [130/240] card/cvc5_mapa/fol_0000010.smt2 : sat : 0.00s
  [131/240] card/cvc5_mapa/fol_0000011.smt2 : sat : 0.00s
  [132/240] card/cvc5_mapa/fol_0000012.smt2 : sat : 0.00s
  [133/240] card/cvc5_mapa/fol_0000013.smt2 : sat : 0.00s
  [134/240] card/cvc5_mapa/fol_0000014.smt2 : sat : 0.00s
  [135/240] card/cvc5_mapa/fol_0000015.smt2 : sat : 0.00s
  [136/240] card/cvc5_mapa/fol_0000016.smt2 : sat : 0.00s
  [137/240] card/cvc5_mapa/fol_0000017.smt2 : sat : 0.00s
  [138/240] card/cvc5_mapa/fol_0000018.smt2 : sat : 0.01s
  [139/240] card/cvc5_mapa/fol_0000019.smt2 : sat : 0.00s
  [140/240] card/cvc5_mapa/fol_0000020.smt2 : sat : 0.00s
  [141/240] card/cvc5_mapa/fol_0000021.smt2 : unsat : 0.00s
  [142/240] card/cvc5_mapa/fol_0000022.smt2 : sat : 0.00s
  [143/240] card/cvc5_mapa/fol_0000023.smt2 : unsat : 0.00s
  [144/240] card/cvc5_mapa/fol_0000024.smt2 : sat : 0.00s
  [145/240] card/cvc5_mapa/fol_0000025.smt2 : sat : 0.00s
  [146/240] card/cvc5_mapa/fol_0000026.smt2 : sat : 0.00s
  [147/240] card/cvc5_mapa/fol_0000027.smt2 : sat : 0.00s
  [148/240] card/cvc5_mapa/fol_0000028.smt2 : unsat : 0.02s
  [149/240] card/cvc5_mapa/fol_0000029.smt2 : sat : 0.01s
  [150/240] card/cvc5_mapa/fol_0000030.smt2 : unsat : 0.00s
  [151/240] card/cvc5_mapa/fol_0000031.smt2 : sat : 0.00s
  [152/240] card/cvc5_mapa/fol_0000032.smt2 : unsat : 0.00s
  [153/240] card/cvc5_mapa/fol_0000033.smt2 : sat : 0.00s
  [154/240] card/cvc5_mapa/fol_0000034.smt2 : unsat : 0.00s
  [155/240] card/cvc5_mapa/fol_0000035.smt2 : sat : 0.00s
  [156/240] card/cvc5_mapa/fol_0000036.smt2 : sat : 0.00s
  [157/240] card/cvc5_mapa/fol_0000037.smt2 : sat : 0.00s
  [158/240] card/cvc5_mapa/fol_0000038.smt2 : unsat : 0.00s
  [159/240] card/cvc5_mapa/fol_0000039.smt2 : sat : 0.00s
  [160/240] card/cvc5_mapa/fol_0000040.smt2 : unsat : 0.00s
  [161/240] card/cvc5_mapa/fol_0000041.smt2 : sat : 0.00s
  [162/240] card/cvc5_mapa/fol_0000042.smt2 : sat : 0.00s
  [163/240] card/cvc5_mapa/fol_0000043.smt2 : sat : 0.00s
  [164/240] card/cvc5_mapa/fol_0000044.smt2 : sat : 0.00s
  [165/240] card/cvc5_mapa/fol_0000045.smt2 : unsat : 0.05s
  [166/240] card/cvc5_mapa/fol_0000046.smt2 : sat : 0.30s
  [167/240] card/cvc5_mapa/fol_0000047.smt2 : unsat : 0.30s
  [168/240] card/cvc5_mapa/fol_0000048.smt2 : timeout : 100.00s
  [169/240] card/cvc5_mapa/fol_0000049.smt2 : timeout : 100.00s
  [170/240] card/cvc5_mapa/fol_0000050.smt2 : sat : 0.02s
  [171/240] card/cvc5_mapa/fol_0000051.smt2 : sat : 0.01s
  [172/240] card/cvc5_mapa/fol_0000052.smt2 : sat : 0.29s
  [173/240] card/cvc5_mapa/fol_0000053.smt2 : sat : 0.02s
  [174/240] card/cvc5_mapa/fol_0000054.smt2 : sat : 0.28s
  [175/240] card/cvc5_mapa/fol_0000055.smt2 : unsat : 0.38s
  [176/240] card/cvc5_mapa/fol_0000056.smt2 : sat : 0.02s
  [177/240] card/cvc5_mapa/fol_0000057.smt2 : sat : 0.05s
  [178/240] card/cvc5_mapa/fol_0000058.smt2 : unsat : 0.02s
  [179/240] card/cvc5_mapa/fol_0000059.smt2 : unsat : 0.01s
  [180/240] card/cvc5_mapa/fol_0000060.smt2 : unsat : 0.05s
  [181/240] card/cvc5_mapa/fol_0000061.smt2 : unsat : 0.05s
  [182/240] card/cvc5_mapa/fol_0000062.smt2 : sat : 0.05s
  [183/240] card/cvc5_mapa/fol_0000063.smt2 : unsat : 0.02s
  [184/240] card/cvc5_mapa/fol_0000064.smt2 : unsat : 0.01s
  [185/240] card/cvc5_mapa/fol_0000065.smt2 : unsat : 0.05s
  [186/240] card/cvc5_mapa/fol_0000066.smt2 : unsat : 0.06s
  [187/240] card/cvc5_mapa/fol_0000067.smt2 : unsat : 0.05s
  [188/240] card/cvc5_mapa/fol_0000068.smt2 : unsat : 0.05s
  [189/240] card/cvc5_mapa/fol_0000069.smt2 : sat : 0.30s
  [190/240] card/cvc5_mapa/fol_0000070.smt2 : unsat : 0.30s
  [191/240] card/cvc5_mapa/fol_0000071.smt2 : sat : 66.24s
  [192/240] card/cvc5_mapa/fol_0000072.smt2 : sat : 66.24s
  [193/240] card/cvc5_mapa/fol_0000073.smt2 : sat : 0.02s
  [194/240] card/cvc5_mapa/fol_0000074.smt2 : sat : 0.01s
  [195/240] card/cvc5_mapa/fol_0000075.smt2 : sat : 0.29s
  [196/240] card/cvc5_mapa/fol_0000076.smt2 : sat : 0.02s
  [197/240] card/cvc5_mapa/fol_0000077.smt2 : sat : 0.29s
  [198/240] card/cvc5_mapa/fol_0000078.smt2 : unsat : 0.43s
  [199/240] card/cvc5_mapa/fol_0000079.smt2 : sat : 0.02s
  [200/240] card/cvc5_mapa/fol_0000080.smt2 : sat : 0.08s
  [201/240] card/cvc5_mapa/fol_0000081.smt2 : unsat : 0.01s
  [202/240] card/cvc5_mapa/fol_0000082.smt2 : sat : 0.09s
  [203/240] card/cvc5_mapa/fol_0000083.smt2 : unsat : 0.08s
  [204/240] card/cvc5_mapa/fol_0000084.smt2 : sat : 0.30s
  [205/240] card/cvc5_mapa/fol_0000085.smt2 : unsat : 0.06s
  [206/240] card/cvc5_mapa/fol_0000086.smt2 : unsat : 0.06s
  [207/240] card/cvc5_mapa/fol_0000087.smt2 : unsat : 0.08s
  [208/240] card/cvc5_mapa/fol_0000088.smt2 : unsat : 0.28s
  [209/240] card/cvc5_mapa/fol_0000089.smt2 : unsat : 0.30s
  [210/240] card/cvc5_mapa/fol_0000090.smt2 : sat : 0.08s
  [211/240] card/cvc5_mapa/fol_0000091.smt2 : unsat : 0.01s
  [212/240] card/cvc5_mapa/fol_0000092.smt2 : unsat : 0.07s
  [213/240] card/cvc5_mapa/fol_0000093.smt2 : unsat : 0.08s
  [214/240] card/cvc5_mapa/fol_0000094.smt2 : unsat : 0.05s
  [215/240] card/cvc5_mapa/fol_0000095.smt2 : unsat : 0.29s
  [216/240] card/cvc5_mapa/fol_0000096.smt2 : sat : 35.47s
  [217/240] card/cvc5_mapa/fol_0000097.smt2 : timeout : 100.00s
  [218/240] card/cvc5_mapa/fol_0000098.smt2 : timeout : 100.00s
  [219/240] card/cvc5_mapa/fol_0000099.smt2 : timeout : 100.00s
  [220/240] card/cvc5_mapa/fol_0000100.smt2 : timeout : 100.00s
  [221/240] card/cvc5_mapa/fol_0000101.smt2 : sat : 0.02s
  [222/240] card/cvc5_mapa/fol_0000102.smt2 : timeout : 100.00s
  [223/240] card/cvc5_mapa/fol_0000103.smt2 : sat : 0.02s
  [224/240] card/cvc5_mapa/fol_0000104.smt2 : timeout : 100.00s
  [225/240] card/cvc5_mapa/fol_0000105.smt2 : sat : 0.01s
  [226/240] card/cvc5_mapa/fol_0000106.smt2 : timeout : 100.00s
  [227/240] card/cvc5_mapa/fol_0000107.smt2 : timeout : 100.00s
  [228/240] card/cvc5_mapa/fol_0000108.smt2 : sat : 0.02s
  [229/240] card/cvc5_mapa/fol_0000109.smt2 : sat : 0.29s
  [230/240] card/cvc5_mapa/fol_0000110.smt2 : unsat : 0.05s
  [231/240] card/cvc5_mapa/fol_0000111.smt2 : unsat : 0.08s
  [232/240] card/cvc5_mapa/fol_0000112.smt2 : unsat : 0.29s
  [233/240] card/cvc5_mapa/fol_0000113.smt2 : sat : 0.40s
  [234/240] card/cvc5_mapa/fol_0000114.smt2 : unsat : 0.08s
  [235/240] card/cvc5_mapa/fol_0000115.smt2 : unsat : 0.07s
  [236/240] card/cvc5_mapa/fol_0000116.smt2 : unsat : 0.39s
  [237/240] card/cvc5_mapa/fol_0000117.smt2 : sat : 0.38s
  [238/240] card/cvc5_mapa/fol_0000118.smt2 : sat : 35.80s
  [239/240] card/cvc5_mapa/fol_0000119.smt2 : unsat : 0.28s
  [240/240] card/cvc5_mapa/fol_0000120.smt2 : unsat : 0.36s
  wrote /Users/mahgoubyahia/fmcad26/output/mapa_cvc5.csv
  mapa_cvc5: updated 240/240 rows

=== sql_cvc5: 29 benchmarks, sequential, timeout 100s ===
  [1/29] sql/linear/calcite-query013-call-0.smt2 : unsat : 0.01s
  [2/29] sql/linear/calcite-query039-call-0.smt2 : unsat : 0.12s
  [3/29] sql/linear/calcite-query040-call-0.smt2 : unsat : 0.04s
  [4/29] sql/linear/calcite-query044-call-0.smt2 : unsat : 0.35s
  [5/29] sql/linear/calcite-query059-call-0.smt2 : sat : 0.01s
  [6/29] sql/linear/calcite-query076-call-0.smt2 : unsat : 0.02s
  [7/29] sql/linear/calcite-query088-call-0.smt2 : unsat : 0.01s
  [8/29] sql/linear/calcite-query120-call-0.smt2 : unsat : 0.19s
  [9/29] sql/linear/calcite-query126-call-0.smt2 : sat : 0.04s
  [10/29] sql/linear/calcite-query126-call-4.smt2 : sat : 0.02s
  [11/29] sql/linear/calcite-query151-call-0.smt2 : unsat : 0.03s
  [12/29] sql/linear/calcite-query156-call-0.smt2 : unsat : 0.12s
  [13/29] sql/linear/calcite-query162-call-0.smt2 : unsat : 0.03s
  [14/29] sql/linear/calcite-query172-call-0.smt2 : unsat : 0.01s
  [15/29] sql/linear/calcite-query176-call-0.smt2 : unsat : 0.03s
  [16/29] sql/linear/calcite-query191-call-0.smt2 : unsat : 0.02s
  [17/29] sql/linear/calcite-query193-call-0.smt2 : sat : 0.01s
  [18/29] sql/linear/calcite-query193-call-4.smt2 : sat : 0.01s
  [19/29] sql/linear/calcite-query207-call-0.smt2 : unsat : 0.05s
  [20/29] sql/linear/calcite-query211-call-0.smt2 : unsat : 0.02s
  [21/29] sql/linear/calcite-query218-call-0.smt2 : unsat : 0.04s
  [22/29] sql/linear/calcite-query219-call-0.smt2 : unsat : 0.20s
  [23/29] sql/linear/calcite-query222-call-0.smt2 : sat : 0.02s
  [24/29] sql/linear/calcite-query222-call-2.smt2 : sat : 0.01s
  [25/29] sql/linear/spark-query035-call-0.smt2 : unsat : 0.02s
  [26/29] sql/linear/spark-query048-call-0.smt2 : unsat : 0.04s
  [27/29] sql/linear/spark-query054-call-0.smt2 : sat : 0.02s
  [28/29] sql/linear/spark-query089-call-0.smt2 : unsat : 0.01s
  [29/29] sql/linear/spark-query090-call-2.smt2 : unsat : 0.03s
  wrote /Users/mahgoubyahia/fmcad26/output/sql_cvc5.csv
  sql_cvc5: updated 29/29 rows

All done: /Users/mahgoubyahia/fmcad26/comparison.csv

wrote /Users/mahgoubyahia/fmcad26/comparison_table.tex
\toprule
Solver & \sat & \unsat & \timeout & \unknown \\
\midrule
\cvc & 284 & 199 & 26 \\
\sqlSolver & 293 & 195 & 21 \\
Modified \sqlSolver & 196 & 195 & 21 & 97 \\
\slsReachability (unfold-5) & 249 & 180 & 80 \\
\slsReachability (unfold-0) & 239 & 168 & 102 \\
\slsReachability (no-interpolation) & 241 & 128 & 140 \\
\bottomrule
26 benchmarks, sequential, timeout 100s, -> /Users/mahgoubyahia/fmcad26/output/cvc5_stats_timeout.csv
  [1/26] card/cvc5_bapa/fol_0000048.smt2 : timeout : 100.00s
  [2/26] card/cvc5_bapa/fol_0000049.smt2 : timeout : 100.00s
  [3/26] card/cvc5_bapa/fol_0000071.smt2 : timeout : 100.00s
  [4/26] card/cvc5_bapa/fol_0000072.smt2 : timeout : 100.00s
  [5/26] card/cvc5_bapa/fol_0000096.smt2 : timeout : 100.00s
  [6/26] card/cvc5_bapa/fol_0000097.smt2 : timeout : 100.00s
  [7/26] card/cvc5_bapa/fol_0000098.smt2 : timeout : 100.00s
  [8/26] card/cvc5_bapa/fol_0000099.smt2 : timeout : 100.00s
  [9/26] card/cvc5_bapa/fol_0000100.smt2 : timeout : 100.00s
  [10/26] card/cvc5_bapa/fol_0000102.smt2 : timeout : 100.00s
  [11/26] card/cvc5_bapa/fol_0000103.smt2 : timeout : 100.00s
  [12/26] card/cvc5_bapa/fol_0000104.smt2 : timeout : 100.00s
  [13/26] card/cvc5_bapa/fol_0000105.smt2 : timeout : 100.00s
  [14/26] card/cvc5_bapa/fol_0000106.smt2 : timeout : 100.00s
  [15/26] card/cvc5_bapa/fol_0000107.smt2 : timeout : 100.00s
  [16/26] card/cvc5_bapa/fol_0000118.smt2 : timeout : 100.00s
  [17/26] card/cvc5_mapa/fol_0000048.smt2 : timeout : 100.00s
  [18/26] card/cvc5_mapa/fol_0000049.smt2 : timeout : 100.00s
  [19/26] card/cvc5_mapa/fol_0000097.smt2 : timeout : 100.00s
  [20/26] card/cvc5_mapa/fol_0000098.smt2 : timeout : 100.00s
  [21/26] card/cvc5_mapa/fol_0000099.smt2 : timeout : 100.00s
  [22/26] card/cvc5_mapa/fol_0000100.smt2 : timeout : 100.00s
  [23/26] card/cvc5_mapa/fol_0000102.smt2 : timeout : 100.00s
  [24/26] card/cvc5_mapa/fol_0000104.smt2 : timeout : 100.00s
  [25/26] card/cvc5_mapa/fol_0000106.smt2 : timeout : 100.00s
  [26/26] card/cvc5_mapa/fol_0000107.smt2 : timeout : 100.00s
wrote /Users/mahgoubyahia/fmcad26/output/cvc5_stats_timeout.csv
284 benchmarks, sequential, timeout 100s, -> /Users/mahgoubyahia/fmcad26/output/cvc5_stats_sat.csv
  [1/284] arith/cvc5_bapa/fol_0000001.smt2 : sat : 0.01s
  [2/284] arith/cvc5_bapa/fol_0000002.smt2 : sat : 0.01s
  [3/284] arith/cvc5_bapa/fol_0000003.smt2 : sat : 0.01s
  [4/284] arith/cvc5_bapa/fol_0000004.smt2 : sat : 0.03s
  [5/284] arith/cvc5_bapa/fol_0000005.smt2 : sat : 0.03s
  [6/284] arith/cvc5_bapa/fol_0000006.smt2 : sat : 0.03s
  [7/284] arith/cvc5_bapa/fol_0000007.smt2 : sat : 0.03s
  [8/284] arith/cvc5_bapa/fol_0000008.smt2 : sat : 0.03s
  [9/284] arith/cvc5_bapa/fol_0000009.smt2 : sat : 0.03s
  [10/284] arith/cvc5_bapa/fol_0000010.smt2 : sat : 0.03s
  [11/284] arith/cvc5_bapa/fol_0000011.smt2 : sat : 0.03s
  [12/284] arith/cvc5_bapa/fol_0000012.smt2 : sat : 0.03s
  [13/284] arith/cvc5_bapa/fol_0000013.smt2 : sat : 0.03s
  [14/284] arith/cvc5_bapa/fol_0000014.smt2 : sat : 0.03s
  [15/284] arith/cvc5_bapa/fol_0000015.smt2 : sat : 0.03s
  [16/284] arith/cvc5_bapa/fol_0000016.smt2 : sat : 0.03s
  [17/284] arith/cvc5_bapa/fol_0000017.smt2 : sat : 0.03s
  [18/284] arith/cvc5_bapa/fol_0000018.smt2 : sat : 0.03s
  [19/284] arith/cvc5_bapa/fol_0000019.smt2 : sat : 0.03s
  [20/284] arith/cvc5_bapa/fol_0000020.smt2 : sat : 0.03s
  [21/284] arith/cvc5_bapa/fol_0000022.smt2 : sat : 0.03s
  [22/284] arith/cvc5_bapa/fol_0000024.smt2 : sat : 0.03s
  [23/284] arith/cvc5_bapa/fol_0000025.smt2 : sat : 0.01s
  [24/284] arith/cvc5_bapa/fol_0000026.smt2 : sat : 0.01s
  [25/284] arith/cvc5_bapa/fol_0000027.smt2 : sat : 0.01s
  [26/284] arith/cvc5_bapa/fol_0000029.smt2 : sat : 0.05s
  [27/284] arith/cvc5_bapa/fol_0000031.smt2 : sat : 0.03s
  [28/284] arith/cvc5_bapa/fol_0000033.smt2 : sat : 0.03s
  [29/284] arith/cvc5_bapa/fol_0000035.smt2 : sat : 0.03s
  [30/284] arith/cvc5_bapa/fol_0000036.smt2 : sat : 0.01s
  [31/284] arith/cvc5_bapa/fol_0000037.smt2 : sat : 0.03s
  [32/284] arith/cvc5_bapa/fol_0000039.smt2 : sat : 0.03s
  [33/284] arith/cvc5_bapa/fol_0000041.smt2 : sat : 0.03s
  [34/284] arith/cvc5_bapa/fol_0000042.smt2 : sat : 0.01s
  [35/284] arith/cvc5_bapa/fol_0000043.smt2 : sat : 0.05s
  [36/284] arith/cvc5_bapa/fol_0000044.smt2 : sat : 0.03s
  [37/284] arith/cvc5_bapa/fol_0000046.smt2 : sat : 0.05s
  [38/284] arith/cvc5_bapa/fol_0000048.smt2 : sat : 0.06s
  [39/284] arith/cvc5_bapa/fol_0000049.smt2 : sat : 0.06s
  [40/284] arith/cvc5_bapa/fol_0000050.smt2 : sat : 0.01s
  [41/284] arith/cvc5_bapa/fol_0000051.smt2 : sat : 0.05s
  [42/284] arith/cvc5_bapa/fol_0000052.smt2 : sat : 0.06s
  [43/284] arith/cvc5_bapa/fol_0000053.smt2 : sat : 0.06s
  [44/284] arith/cvc5_bapa/fol_0000054.smt2 : sat : 0.06s
  [45/284] arith/cvc5_bapa/fol_0000056.smt2 : sat : 0.03s
  [46/284] arith/cvc5_bapa/fol_0000057.smt2 : sat : 0.05s
  [47/284] arith/cvc5_bapa/fol_0000062.smt2 : sat : 0.06s
  [48/284] arith/cvc5_bapa/fol_0000069.smt2 : sat : 0.05s
  [49/284] arith/cvc5_bapa/fol_0000071.smt2 : sat : 0.05s
  [50/284] arith/cvc5_bapa/fol_0000072.smt2 : sat : 0.06s
  [51/284] arith/cvc5_bapa/fol_0000073.smt2 : sat : 0.01s
  [52/284] arith/cvc5_bapa/fol_0000074.smt2 : sat : 0.05s
  [53/284] arith/cvc5_bapa/fol_0000075.smt2 : sat : 0.05s
  [54/284] arith/cvc5_bapa/fol_0000076.smt2 : sat : 0.05s
  [55/284] arith/cvc5_bapa/fol_0000077.smt2 : sat : 0.06s
  [56/284] arith/cvc5_bapa/fol_0000079.smt2 : sat : 0.03s
  [57/284] arith/cvc5_bapa/fol_0000080.smt2 : sat : 0.03s
  [58/284] arith/cvc5_bapa/fol_0000082.smt2 : sat : 0.03s
  [59/284] arith/cvc5_bapa/fol_0000084.smt2 : sat : 0.05s
  [60/284] arith/cvc5_bapa/fol_0000090.smt2 : sat : 0.03s
  [61/284] arith/cvc5_bapa/fol_0000096.smt2 : sat : 0.05s
  [62/284] arith/cvc5_bapa/fol_0000099.smt2 : sat : 0.06s
  [63/284] arith/cvc5_bapa/fol_0000100.smt2 : sat : 0.06s
  [64/284] arith/cvc5_bapa/fol_0000101.smt2 : sat : 0.01s
  [65/284] arith/cvc5_bapa/fol_0000102.smt2 : sat : 0.05s
  [66/284] arith/cvc5_bapa/fol_0000103.smt2 : sat : 0.05s
  [67/284] arith/cvc5_bapa/fol_0000104.smt2 : sat : 0.06s
  [68/284] arith/cvc5_bapa/fol_0000105.smt2 : sat : 0.06s
  [69/284] arith/cvc5_bapa/fol_0000106.smt2 : sat : 0.06s
  [70/284] arith/cvc5_bapa/fol_0000108.smt2 : sat : 0.03s
  [71/284] arith/cvc5_bapa/fol_0000109.smt2 : sat : 0.05s
  [72/284] arith/cvc5_bapa/fol_0000113.smt2 : sat : 0.03s
  [73/284] arith/cvc5_bapa/fol_0000117.smt2 : sat : 0.03s
  [74/284] arith/cvc5_bapa/fol_0000118.smt2 : sat : 0.05s
  [75/284] card/cvc5_bapa/fol_0000001.smt2 : sat : 0.01s
  [76/284] card/cvc5_bapa/fol_0000002.smt2 : sat : 0.00s
  [77/284] card/cvc5_bapa/fol_0000003.smt2 : sat : 0.00s
  [78/284] card/cvc5_bapa/fol_0000004.smt2 : sat : 0.02s
  [79/284] card/cvc5_bapa/fol_0000005.smt2 : sat : 0.02s
  [80/284] card/cvc5_bapa/fol_0000006.smt2 : sat : 0.02s
  [81/284] card/cvc5_bapa/fol_0000007.smt2 : sat : 0.02s
  [82/284] card/cvc5_bapa/fol_0000008.smt2 : sat : 0.02s
  [83/284] card/cvc5_bapa/fol_0000009.smt2 : sat : 0.02s
  [84/284] card/cvc5_bapa/fol_0000010.smt2 : sat : 0.02s
  [85/284] card/cvc5_bapa/fol_0000011.smt2 : sat : 0.02s
  [86/284] card/cvc5_bapa/fol_0000012.smt2 : sat : 0.02s
  [87/284] card/cvc5_bapa/fol_0000013.smt2 : sat : 0.02s
  [88/284] card/cvc5_bapa/fol_0000014.smt2 : sat : 0.02s
  [89/284] card/cvc5_bapa/fol_0000015.smt2 : sat : 0.02s
  [90/284] card/cvc5_bapa/fol_0000016.smt2 : sat : 0.02s
  [91/284] card/cvc5_bapa/fol_0000017.smt2 : sat : 0.02s
  [92/284] card/cvc5_bapa/fol_0000018.smt2 : sat : 0.02s
  [93/284] card/cvc5_bapa/fol_0000019.smt2 : sat : 0.02s
  [94/284] card/cvc5_bapa/fol_0000020.smt2 : sat : 0.02s
  [95/284] card/cvc5_bapa/fol_0000022.smt2 : sat : 0.02s
  [96/284] card/cvc5_bapa/fol_0000024.smt2 : sat : 0.02s
  [97/284] card/cvc5_bapa/fol_0000025.smt2 : sat : 0.00s
  [98/284] card/cvc5_bapa/fol_0000026.smt2 : sat : 0.00s
  [99/284] card/cvc5_bapa/fol_0000027.smt2 : sat : 0.00s
  [100/284] card/cvc5_bapa/fol_0000029.smt2 : sat : 0.05s
  [101/284] card/cvc5_bapa/fol_0000031.smt2 : sat : 0.02s
  [102/284] card/cvc5_bapa/fol_0000033.smt2 : sat : 0.02s
  [103/284] card/cvc5_bapa/fol_0000035.smt2 : sat : 0.02s
  [104/284] card/cvc5_bapa/fol_0000036.smt2 : sat : 0.00s
  [105/284] card/cvc5_bapa/fol_0000037.smt2 : sat : 0.02s
  [106/284] card/cvc5_bapa/fol_0000039.smt2 : sat : 0.02s
  [107/284] card/cvc5_bapa/fol_0000041.smt2 : sat : 0.02s
  [108/284] card/cvc5_bapa/fol_0000042.smt2 : sat : 0.00s
  [109/284] card/cvc5_bapa/fol_0000043.smt2 : sat : 0.05s
  [110/284] card/cvc5_bapa/fol_0000044.smt2 : sat : 0.02s
  [111/284] card/cvc5_bapa/fol_0000046.smt2 : sat : 5.43s
  [112/284] card/cvc5_bapa/fol_0000050.smt2 : sat : 0.02s
  [113/284] card/cvc5_bapa/fol_0000051.smt2 : sat : 3.76s
  [114/284] card/cvc5_bapa/fol_0000052.smt2 : sat : 3.73s
  [115/284] card/cvc5_bapa/fol_0000053.smt2 : sat : 3.69s
  [116/284] card/cvc5_bapa/fol_0000054.smt2 : sat : 3.76s
  [117/284] card/cvc5_bapa/fol_0000056.smt2 : sat : 0.02s
  [118/284] card/cvc5_bapa/fol_0000057.smt2 : sat : 0.19s
  [119/284] card/cvc5_bapa/fol_0000062.smt2 : sat : 0.19s
  [120/284] card/cvc5_bapa/fol_0000069.smt2 : sat : 3.69s
  [121/284] card/cvc5_bapa/fol_0000073.smt2 : sat : 0.02s
  [122/284] card/cvc5_bapa/fol_0000074.smt2 : sat : 3.82s
  [123/284] card/cvc5_bapa/fol_0000075.smt2 : sat : 3.72s
  [124/284] card/cvc5_bapa/fol_0000076.smt2 : sat : 3.86s
  [125/284] card/cvc5_bapa/fol_0000077.smt2 : sat : 3.81s
  [126/284] card/cvc5_bapa/fol_0000079.smt2 : sat : 0.02s
  [127/284] card/cvc5_bapa/fol_0000080.smt2 : sat : 0.35s
  [128/284] card/cvc5_bapa/fol_0000082.smt2 : sat : 0.37s
  [129/284] card/cvc5_bapa/fol_0000084.smt2 : sat : 3.71s
  [130/284] card/cvc5_bapa/fol_0000090.smt2 : sat : 0.34s
  [131/284] card/cvc5_bapa/fol_0000101.smt2 : sat : 0.02s
  [132/284] card/cvc5_bapa/fol_0000108.smt2 : sat : 0.01s
  [133/284] card/cvc5_bapa/fol_0000109.smt2 : sat : 5.44s
  [134/284] card/cvc5_bapa/fol_0000113.smt2 : sat : 3.99s
  [135/284] card/cvc5_bapa/fol_0000117.smt2 : sat : 3.95s
  [136/284] arith/cvc5_mapa/fol_0000001.smt2 : sat : 0.01s
  [137/284] arith/cvc5_mapa/fol_0000002.smt2 : sat : 0.01s
  [138/284] arith/cvc5_mapa/fol_0000003.smt2 : sat : 0.01s
  [139/284] arith/cvc5_mapa/fol_0000004.smt2 : sat : 0.01s
  [140/284] arith/cvc5_mapa/fol_0000005.smt2 : sat : 0.01s
  [141/284] arith/cvc5_mapa/fol_0000006.smt2 : sat : 0.01s
  [142/284] arith/cvc5_mapa/fol_0000007.smt2 : sat : 0.01s
  [143/284] arith/cvc5_mapa/fol_0000008.smt2 : sat : 0.01s
  [144/284] arith/cvc5_mapa/fol_0000009.smt2 : sat : 0.01s
  [145/284] arith/cvc5_mapa/fol_0000010.smt2 : sat : 0.01s
  [146/284] arith/cvc5_mapa/fol_0000011.smt2 : sat : 0.01s
  [147/284] arith/cvc5_mapa/fol_0000012.smt2 : sat : 0.01s
  [148/284] arith/cvc5_mapa/fol_0000013.smt2 : sat : 0.01s
  [149/284] arith/cvc5_mapa/fol_0000014.smt2 : sat : 0.01s
  [150/284] arith/cvc5_mapa/fol_0000015.smt2 : sat : 0.01s
  [151/284] arith/cvc5_mapa/fol_0000016.smt2 : sat : 0.01s
  [152/284] arith/cvc5_mapa/fol_0000017.smt2 : sat : 0.01s
  [153/284] arith/cvc5_mapa/fol_0000018.smt2 : sat : 0.01s
  [154/284] arith/cvc5_mapa/fol_0000019.smt2 : sat : 0.01s
  [155/284] arith/cvc5_mapa/fol_0000020.smt2 : sat : 0.01s
  [156/284] arith/cvc5_mapa/fol_0000022.smt2 : sat : 0.01s
  [157/284] arith/cvc5_mapa/fol_0000024.smt2 : sat : 0.01s
  [158/284] arith/cvc5_mapa/fol_0000025.smt2 : sat : 0.01s
  [159/284] arith/cvc5_mapa/fol_0000026.smt2 : sat : 0.01s
  [160/284] arith/cvc5_mapa/fol_0000027.smt2 : sat : 0.01s
  [161/284] arith/cvc5_mapa/fol_0000029.smt2 : sat : 0.01s
  [162/284] arith/cvc5_mapa/fol_0000031.smt2 : sat : 0.01s
  [163/284] arith/cvc5_mapa/fol_0000033.smt2 : sat : 0.01s
  [164/284] arith/cvc5_mapa/fol_0000035.smt2 : sat : 0.01s
  [165/284] arith/cvc5_mapa/fol_0000036.smt2 : sat : 0.01s
  [166/284] arith/cvc5_mapa/fol_0000037.smt2 : sat : 0.01s
  [167/284] arith/cvc5_mapa/fol_0000039.smt2 : sat : 0.01s
  [168/284] arith/cvc5_mapa/fol_0000041.smt2 : sat : 0.01s
  [169/284] arith/cvc5_mapa/fol_0000042.smt2 : sat : 0.01s
  [170/284] arith/cvc5_mapa/fol_0000043.smt2 : sat : 0.01s
  [171/284] arith/cvc5_mapa/fol_0000044.smt2 : sat : 0.01s
  [172/284] arith/cvc5_mapa/fol_0000046.smt2 : sat : 0.01s
  [173/284] arith/cvc5_mapa/fol_0000048.smt2 : sat : 0.01s
  [174/284] arith/cvc5_mapa/fol_0000049.smt2 : sat : 0.01s
  [175/284] arith/cvc5_mapa/fol_0000050.smt2 : sat : 0.01s
  [176/284] arith/cvc5_mapa/fol_0000051.smt2 : sat : 0.01s
  [177/284] arith/cvc5_mapa/fol_0000052.smt2 : sat : 0.01s
  [178/284] arith/cvc5_mapa/fol_0000053.smt2 : sat : 0.01s
  [179/284] arith/cvc5_mapa/fol_0000054.smt2 : sat : 0.01s
  [180/284] arith/cvc5_mapa/fol_0000056.smt2 : sat : 0.01s
  [181/284] arith/cvc5_mapa/fol_0000057.smt2 : sat : 0.01s
  [182/284] arith/cvc5_mapa/fol_0000062.smt2 : sat : 0.01s
  [183/284] arith/cvc5_mapa/fol_0000069.smt2 : sat : 0.01s
  [184/284] arith/cvc5_mapa/fol_0000071.smt2 : sat : 0.01s
  [185/284] arith/cvc5_mapa/fol_0000072.smt2 : sat : 0.01s
  [186/284] arith/cvc5_mapa/fol_0000073.smt2 : sat : 0.01s
  [187/284] arith/cvc5_mapa/fol_0000074.smt2 : sat : 0.01s
  [188/284] arith/cvc5_mapa/fol_0000075.smt2 : sat : 0.01s
  [189/284] arith/cvc5_mapa/fol_0000076.smt2 : sat : 0.01s
  [190/284] arith/cvc5_mapa/fol_0000077.smt2 : sat : 0.01s
  [191/284] arith/cvc5_mapa/fol_0000079.smt2 : sat : 0.01s
  [192/284] arith/cvc5_mapa/fol_0000080.smt2 : sat : 0.01s
  [193/284] arith/cvc5_mapa/fol_0000082.smt2 : sat : 0.01s
  [194/284] arith/cvc5_mapa/fol_0000084.smt2 : sat : 0.01s
  [195/284] arith/cvc5_mapa/fol_0000090.smt2 : sat : 0.01s
  [196/284] arith/cvc5_mapa/fol_0000096.smt2 : sat : 0.01s
  [197/284] arith/cvc5_mapa/fol_0000099.smt2 : sat : 0.01s
  [198/284] arith/cvc5_mapa/fol_0000100.smt2 : sat : 0.01s
  [199/284] arith/cvc5_mapa/fol_0000101.smt2 : sat : 0.01s
  [200/284] arith/cvc5_mapa/fol_0000102.smt2 : sat : 0.01s
  [201/284] arith/cvc5_mapa/fol_0000103.smt2 : sat : 0.01s
  [202/284] arith/cvc5_mapa/fol_0000104.smt2 : sat : 0.01s
  [203/284] arith/cvc5_mapa/fol_0000105.smt2 : sat : 0.01s
  [204/284] arith/cvc5_mapa/fol_0000106.smt2 : sat : 0.01s
  [205/284] arith/cvc5_mapa/fol_0000108.smt2 : sat : 0.01s
  [206/284] arith/cvc5_mapa/fol_0000109.smt2 : sat : 0.01s
  [207/284] arith/cvc5_mapa/fol_0000113.smt2 : sat : 0.01s
  [208/284] arith/cvc5_mapa/fol_0000117.smt2 : sat : 0.01s
  [209/284] arith/cvc5_mapa/fol_0000118.smt2 : sat : 0.01s
  [210/284] card/cvc5_mapa/fol_0000001.smt2 : sat : 0.01s
  [211/284] card/cvc5_mapa/fol_0000002.smt2 : sat : 0.00s
  [212/284] card/cvc5_mapa/fol_0000003.smt2 : sat : 0.00s
  [213/284] card/cvc5_mapa/fol_0000004.smt2 : sat : 0.00s
  [214/284] card/cvc5_mapa/fol_0000005.smt2 : sat : 0.00s
  [215/284] card/cvc5_mapa/fol_0000006.smt2 : sat : 0.00s
  [216/284] card/cvc5_mapa/fol_0000007.smt2 : sat : 0.00s
  [217/284] card/cvc5_mapa/fol_0000008.smt2 : sat : 0.00s
  [218/284] card/cvc5_mapa/fol_0000009.smt2 : sat : 0.00s
  [219/284] card/cvc5_mapa/fol_0000010.smt2 : sat : 0.00s
  [220/284] card/cvc5_mapa/fol_0000011.smt2 : sat : 0.00s
  [221/284] card/cvc5_mapa/fol_0000012.smt2 : sat : 0.00s
  [222/284] card/cvc5_mapa/fol_0000013.smt2 : sat : 0.00s
  [223/284] card/cvc5_mapa/fol_0000014.smt2 : sat : 0.00s
  [224/284] card/cvc5_mapa/fol_0000015.smt2 : sat : 0.00s
  [225/284] card/cvc5_mapa/fol_0000016.smt2 : sat : 0.00s
  [226/284] card/cvc5_mapa/fol_0000017.smt2 : sat : 0.00s
  [227/284] card/cvc5_mapa/fol_0000018.smt2 : sat : 0.00s
  [228/284] card/cvc5_mapa/fol_0000019.smt2 : sat : 0.00s
  [229/284] card/cvc5_mapa/fol_0000020.smt2 : sat : 0.00s
  [230/284] card/cvc5_mapa/fol_0000022.smt2 : sat : 0.00s
  [231/284] card/cvc5_mapa/fol_0000024.smt2 : sat : 0.00s
  [232/284] card/cvc5_mapa/fol_0000025.smt2 : sat : 0.00s
  [233/284] card/cvc5_mapa/fol_0000026.smt2 : sat : 0.00s
  [234/284] card/cvc5_mapa/fol_0000027.smt2 : sat : 0.00s
  [235/284] card/cvc5_mapa/fol_0000029.smt2 : sat : 0.00s
  [236/284] card/cvc5_mapa/fol_0000031.smt2 : sat : 0.00s
  [237/284] card/cvc5_mapa/fol_0000033.smt2 : sat : 0.00s
  [238/284] card/cvc5_mapa/fol_0000035.smt2 : sat : 0.00s
  [239/284] card/cvc5_mapa/fol_0000036.smt2 : sat : 0.00s
  [240/284] card/cvc5_mapa/fol_0000037.smt2 : sat : 0.00s
  [241/284] card/cvc5_mapa/fol_0000039.smt2 : sat : 0.00s
  [242/284] card/cvc5_mapa/fol_0000041.smt2 : sat : 0.00s
  [243/284] card/cvc5_mapa/fol_0000042.smt2 : sat : 0.00s
  [244/284] card/cvc5_mapa/fol_0000043.smt2 : sat : 0.00s
  [245/284] card/cvc5_mapa/fol_0000044.smt2 : sat : 0.00s
  [246/284] card/cvc5_mapa/fol_0000046.smt2 : sat : 0.29s
  [247/284] card/cvc5_mapa/fol_0000050.smt2 : sat : 0.02s
  [248/284] card/cvc5_mapa/fol_0000051.smt2 : sat : 0.01s
  [249/284] card/cvc5_mapa/fol_0000052.smt2 : sat : 0.29s
  [250/284] card/cvc5_mapa/fol_0000053.smt2 : sat : 0.02s
  [251/284] card/cvc5_mapa/fol_0000054.smt2 : sat : 0.28s
  [252/284] card/cvc5_mapa/fol_0000056.smt2 : sat : 0.01s
  [253/284] card/cvc5_mapa/fol_0000057.smt2 : sat : 0.05s
  [254/284] card/cvc5_mapa/fol_0000062.smt2 : sat : 0.05s
  [255/284] card/cvc5_mapa/fol_0000069.smt2 : sat : 0.30s
  [256/284] card/cvc5_mapa/fol_0000071.smt2 : sat : 64.99s
  [257/284] card/cvc5_mapa/fol_0000072.smt2 : sat : 65.07s
  [258/284] card/cvc5_mapa/fol_0000073.smt2 : sat : 0.02s
  [259/284] card/cvc5_mapa/fol_0000074.smt2 : sat : 0.01s
  [260/284] card/cvc5_mapa/fol_0000075.smt2 : sat : 0.29s
  [261/284] card/cvc5_mapa/fol_0000076.smt2 : sat : 0.02s
  [262/284] card/cvc5_mapa/fol_0000077.smt2 : sat : 0.29s
  [263/284] card/cvc5_mapa/fol_0000079.smt2 : sat : 0.02s
  [264/284] card/cvc5_mapa/fol_0000080.smt2 : sat : 0.08s
  [265/284] card/cvc5_mapa/fol_0000082.smt2 : sat : 0.09s
  [266/284] card/cvc5_mapa/fol_0000084.smt2 : sat : 0.30s
  [267/284] card/cvc5_mapa/fol_0000090.smt2 : sat : 0.08s
  [268/284] card/cvc5_mapa/fol_0000096.smt2 : sat : 35.09s
  [269/284] card/cvc5_mapa/fol_0000101.smt2 : sat : 0.02s
  [270/284] card/cvc5_mapa/fol_0000103.smt2 : sat : 0.01s
  [271/284] card/cvc5_mapa/fol_0000105.smt2 : sat : 0.01s
  [272/284] card/cvc5_mapa/fol_0000108.smt2 : sat : 0.01s
  [273/284] card/cvc5_mapa/fol_0000109.smt2 : sat : 0.28s
  [274/284] card/cvc5_mapa/fol_0000113.smt2 : sat : 0.39s
  [275/284] card/cvc5_mapa/fol_0000117.smt2 : sat : 0.37s
  [276/284] card/cvc5_mapa/fol_0000118.smt2 : sat : 35.89s
  [277/284] sql/linear/calcite-query059-call-0.smt2 : sat : 0.01s
  [278/284] sql/linear/calcite-query126-call-0.smt2 : sat : 0.04s
  [279/284] sql/linear/calcite-query126-call-4.smt2 : sat : 0.02s
  [280/284] sql/linear/calcite-query193-call-0.smt2 : sat : 0.01s
  [281/284] sql/linear/calcite-query193-call-4.smt2 : sat : 0.01s
  [282/284] sql/linear/calcite-query222-call-0.smt2 : sat : 0.01s
  [283/284] sql/linear/calcite-query222-call-2.smt2 : sat : 0.01s
  [284/284] sql/linear/spark-query054-call-0.smt2 : sat : 0.02s
wrote /Users/mahgoubyahia/fmcad26/output/cvc5_stats_sat.csv
API RERUN DONE rc=0
