
=== bapa_cvc5: 240 benchmarks, sequential, timeout 100s ===
  [1/240] arith/cvc5_bapa/fol_0000001.smt2 : sat : 0.00s
  [2/240] arith/cvc5_bapa/fol_0000002.smt2 : sat : 0.01s
  [3/240] arith/cvc5_bapa/fol_0000003.smt2 : sat : 0.01s
  [4/240] arith/cvc5_bapa/fol_0000004.smt2 : sat : 0.02s
  [5/240] arith/cvc5_bapa/fol_0000005.smt2 : sat : 0.03s
  [6/240] arith/cvc5_bapa/fol_0000006.smt2 : sat : 0.03s
  [7/240] arith/cvc5_bapa/fol_0000007.smt2 : sat : 0.03s
  [8/240] arith/cvc5_bapa/fol_0000008.smt2 : sat : 0.03s
  [9/240] arith/cvc5_bapa/fol_0000009.smt2 : sat : 0.03s
  [10/240] arith/cvc5_bapa/fol_0000010.smt2 : sat : 0.03s
  [11/240] arith/cvc5_bapa/fol_0000011.smt2 : sat : 0.03s
  [12/240] arith/cvc5_bapa/fol_0000012.smt2 : sat : 0.03s
  [13/240] arith/cvc5_bapa/fol_0000013.smt2 : sat : 0.03s
  [14/240] arith/cvc5_bapa/fol_0000014.smt2 : sat : 0.03s
  [15/240] arith/cvc5_bapa/fol_0000015.smt2 : sat : 0.03s
  [16/240] arith/cvc5_bapa/fol_0000016.smt2 : sat : 0.03s
  [17/240] arith/cvc5_bapa/fol_0000017.smt2 : sat : 0.03s
  [18/240] arith/cvc5_bapa/fol_0000018.smt2 : sat : 0.03s
  [19/240] arith/cvc5_bapa/fol_0000019.smt2 : sat : 0.03s
  [20/240] arith/cvc5_bapa/fol_0000020.smt2 : sat : 0.03s
  [21/240] arith/cvc5_bapa/fol_0000021.smt2 : unsat : 0.01s
  [22/240] arith/cvc5_bapa/fol_0000022.smt2 : sat : 0.03s
  [23/240] arith/cvc5_bapa/fol_0000023.smt2 : unsat : 0.01s
  [24/240] arith/cvc5_bapa/fol_0000024.smt2 : sat : 0.03s
  [25/240] arith/cvc5_bapa/fol_0000025.smt2 : sat : 0.01s
  [26/240] arith/cvc5_bapa/fol_0000026.smt2 : sat : 0.01s
  [27/240] arith/cvc5_bapa/fol_0000027.smt2 : sat : 0.01s
  [28/240] arith/cvc5_bapa/fol_0000028.smt2 : unsat : 0.05s
  [29/240] arith/cvc5_bapa/fol_0000029.smt2 : sat : 0.06s
  [30/240] arith/cvc5_bapa/fol_0000030.smt2 : unsat : 0.01s
  [31/240] arith/cvc5_bapa/fol_0000031.smt2 : sat : 0.03s
  [32/240] arith/cvc5_bapa/fol_0000032.smt2 : unsat : 0.01s
  [33/240] arith/cvc5_bapa/fol_0000033.smt2 : sat : 0.03s
  [34/240] arith/cvc5_bapa/fol_0000034.smt2 : unsat : 0.01s
  [35/240] arith/cvc5_bapa/fol_0000035.smt2 : sat : 0.03s
  [36/240] arith/cvc5_bapa/fol_0000036.smt2 : sat : 0.01s
  [37/240] arith/cvc5_bapa/fol_0000037.smt2 : sat : 0.03s
  [38/240] arith/cvc5_bapa/fol_0000038.smt2 : unsat : 0.01s
  [39/240] arith/cvc5_bapa/fol_0000039.smt2 : sat : 0.03s
  [40/240] arith/cvc5_bapa/fol_0000040.smt2 : unsat : 0.01s
  [41/240] arith/cvc5_bapa/fol_0000041.smt2 : sat : 0.03s
  [42/240] arith/cvc5_bapa/fol_0000042.smt2 : sat : 0.01s
  [43/240] arith/cvc5_bapa/fol_0000043.smt2 : sat : 0.05s
  [44/240] arith/cvc5_bapa/fol_0000044.smt2 : sat : 0.03s
  [45/240] arith/cvc5_bapa/fol_0000045.smt2 : unsat : 0.05s
  [46/240] arith/cvc5_bapa/fol_0000046.smt2 : sat : 0.05s
  [47/240] arith/cvc5_bapa/fol_0000047.smt2 : unsat : 0.05s
  [48/240] arith/cvc5_bapa/fol_0000048.smt2 : sat : 0.05s
  [49/240] arith/cvc5_bapa/fol_0000049.smt2 : sat : 0.06s
  [50/240] arith/cvc5_bapa/fol_0000050.smt2 : sat : 0.02s
  [51/240] arith/cvc5_bapa/fol_0000051.smt2 : sat : 0.05s
  [52/240] arith/cvc5_bapa/fol_0000052.smt2 : sat : 0.06s
  [53/240] arith/cvc5_bapa/fol_0000053.smt2 : sat : 0.05s
  [54/240] arith/cvc5_bapa/fol_0000054.smt2 : sat : 0.06s
  [55/240] arith/cvc5_bapa/fol_0000055.smt2 : unsat : 0.01s
  [56/240] arith/cvc5_bapa/fol_0000056.smt2 : sat : 0.03s
  [57/240] arith/cvc5_bapa/fol_0000057.smt2 : sat : 0.05s
  [58/240] arith/cvc5_bapa/fol_0000058.smt2 : unsat : 0.05s
  [59/240] arith/cvc5_bapa/fol_0000059.smt2 : unsat : 0.01s
  [60/240] arith/cvc5_bapa/fol_0000060.smt2 : unsat : 0.05s
  [61/240] arith/cvc5_bapa/fol_0000061.smt2 : unsat : 0.05s
  [62/240] arith/cvc5_bapa/fol_0000062.smt2 : sat : 0.05s
  [63/240] arith/cvc5_bapa/fol_0000063.smt2 : unsat : 0.05s
  [64/240] arith/cvc5_bapa/fol_0000064.smt2 : unsat : 0.01s
  [65/240] arith/cvc5_bapa/fol_0000065.smt2 : unsat : 0.06s
  [66/240] arith/cvc5_bapa/fol_0000066.smt2 : unsat : 0.05s
  [67/240] arith/cvc5_bapa/fol_0000067.smt2 : unsat : 0.05s
  [68/240] arith/cvc5_bapa/fol_0000068.smt2 : unsat : 0.05s
  [69/240] arith/cvc5_bapa/fol_0000069.smt2 : sat : 0.06s
  [70/240] arith/cvc5_bapa/fol_0000070.smt2 : unsat : 0.05s
  [71/240] arith/cvc5_bapa/fol_0000071.smt2 : sat : 0.05s
  [72/240] arith/cvc5_bapa/fol_0000072.smt2 : sat : 0.06s
  [73/240] arith/cvc5_bapa/fol_0000073.smt2 : sat : 0.01s
  [74/240] arith/cvc5_bapa/fol_0000074.smt2 : sat : 0.06s
  [75/240] arith/cvc5_bapa/fol_0000075.smt2 : sat : 0.06s
  [76/240] arith/cvc5_bapa/fol_0000076.smt2 : sat : 0.05s
  [77/240] arith/cvc5_bapa/fol_0000077.smt2 : sat : 0.06s
  [78/240] arith/cvc5_bapa/fol_0000078.smt2 : unsat : 0.01s
  [79/240] arith/cvc5_bapa/fol_0000079.smt2 : sat : 0.03s
  [80/240] arith/cvc5_bapa/fol_0000080.smt2 : sat : 0.03s
  [81/240] arith/cvc5_bapa/fol_0000081.smt2 : unsat : 0.01s
  [82/240] arith/cvc5_bapa/fol_0000082.smt2 : sat : 0.03s
  [83/240] arith/cvc5_bapa/fol_0000083.smt2 : unsat : 0.01s
  [84/240] arith/cvc5_bapa/fol_0000084.smt2 : sat : 0.05s
  [85/240] arith/cvc5_bapa/fol_0000085.smt2 : unsat : 0.05s
  [86/240] arith/cvc5_bapa/fol_0000086.smt2 : unsat : 0.05s
  [87/240] arith/cvc5_bapa/fol_0000087.smt2 : unsat : 0.01s
  [88/240] arith/cvc5_bapa/fol_0000088.smt2 : unsat : 0.05s
  [89/240] arith/cvc5_bapa/fol_0000089.smt2 : unsat : 0.05s
  [90/240] arith/cvc5_bapa/fol_0000090.smt2 : sat : 0.03s
  [91/240] arith/cvc5_bapa/fol_0000091.smt2 : unsat : 0.01s
  [92/240] arith/cvc5_bapa/fol_0000092.smt2 : unsat : 0.01s
  [93/240] arith/cvc5_bapa/fol_0000093.smt2 : unsat : 0.01s
  [94/240] arith/cvc5_bapa/fol_0000094.smt2 : unsat : 0.05s
  [95/240] arith/cvc5_bapa/fol_0000095.smt2 : unsat : 0.05s
  [96/240] arith/cvc5_bapa/fol_0000096.smt2 : sat : 0.06s
  [97/240] arith/cvc5_bapa/fol_0000097.smt2 : unsat : 0.05s
  [98/240] arith/cvc5_bapa/fol_0000098.smt2 : unsat : 0.06s
  [99/240] arith/cvc5_bapa/fol_0000099.smt2 : sat : 0.05s
  [100/240] arith/cvc5_bapa/fol_0000100.smt2 : sat : 0.05s
  [101/240] arith/cvc5_bapa/fol_0000101.smt2 : sat : 0.01s
  [102/240] arith/cvc5_bapa/fol_0000102.smt2 : sat : 0.06s
  [103/240] arith/cvc5_bapa/fol_0000103.smt2 : sat : 0.05s
  [104/240] arith/cvc5_bapa/fol_0000104.smt2 : sat : 0.05s
  [105/240] arith/cvc5_bapa/fol_0000105.smt2 : sat : 0.06s
  [106/240] arith/cvc5_bapa/fol_0000106.smt2 : sat : 0.06s
  [107/240] arith/cvc5_bapa/fol_0000107.smt2 : unsat : 0.01s
  [108/240] arith/cvc5_bapa/fol_0000108.smt2 : sat : 0.03s
  [109/240] arith/cvc5_bapa/fol_0000109.smt2 : sat : 0.05s
  [110/240] arith/cvc5_bapa/fol_0000110.smt2 : unsat : 0.06s
  [111/240] arith/cvc5_bapa/fol_0000111.smt2 : unsat : 0.01s
  [112/240] arith/cvc5_bapa/fol_0000112.smt2 : unsat : 0.05s
  [113/240] arith/cvc5_bapa/fol_0000113.smt2 : sat : 0.03s
  [114/240] arith/cvc5_bapa/fol_0000114.smt2 : unsat : 0.01s
  [115/240] arith/cvc5_bapa/fol_0000115.smt2 : unsat : 0.01s
  [116/240] arith/cvc5_bapa/fol_0000116.smt2 : unsat : 0.01s
  [117/240] arith/cvc5_bapa/fol_0000117.smt2 : sat : 0.03s
  [118/240] arith/cvc5_bapa/fol_0000118.smt2 : sat : 0.05s
  [119/240] arith/cvc5_bapa/fol_0000119.smt2 : unsat : 0.05s
  [120/240] arith/cvc5_bapa/fol_0000120.smt2 : unsat : 0.01s
  [121/240] card/cvc5_bapa/fol_0000001.smt2 : sat : 0.00s
  [122/240] card/cvc5_bapa/fol_0000002.smt2 : sat : 0.00s
  [123/240] card/cvc5_bapa/fol_0000003.smt2 : sat : 0.00s
  [124/240] card/cvc5_bapa/fol_0000004.smt2 : sat : 0.02s
  [125/240] card/cvc5_bapa/fol_0000005.smt2 : sat : 0.02s
  [126/240] card/cvc5_bapa/fol_0000006.smt2 : sat : 0.02s
  [127/240] card/cvc5_bapa/fol_0000007.smt2 : sat : 0.02s
  [128/240] card/cvc5_bapa/fol_0000008.smt2 : sat : 0.02s
  [129/240] card/cvc5_bapa/fol_0000009.smt2 : sat : 0.02s
  [130/240] card/cvc5_bapa/fol_0000010.smt2 : sat : 0.02s
  [131/240] card/cvc5_bapa/fol_0000011.smt2 : sat : 0.02s
  [132/240] card/cvc5_bapa/fol_0000012.smt2 : sat : 0.02s
  [133/240] card/cvc5_bapa/fol_0000013.smt2 : sat : 0.02s
  [134/240] card/cvc5_bapa/fol_0000014.smt2 : sat : 0.02s
  [135/240] card/cvc5_bapa/fol_0000015.smt2 : sat : 0.02s
  [136/240] card/cvc5_bapa/fol_0000016.smt2 : sat : 0.02s
  [137/240] card/cvc5_bapa/fol_0000017.smt2 : sat : 0.02s
  [138/240] card/cvc5_bapa/fol_0000018.smt2 : sat : 0.02s
  [139/240] card/cvc5_bapa/fol_0000019.smt2 : sat : 0.02s
  [140/240] card/cvc5_bapa/fol_0000020.smt2 : sat : 0.02s
  [141/240] card/cvc5_bapa/fol_0000021.smt2 : unsat : 0.00s
  [142/240] card/cvc5_bapa/fol_0000022.smt2 : sat : 0.02s
  [143/240] card/cvc5_bapa/fol_0000023.smt2 : unsat : 0.00s
  [144/240] card/cvc5_bapa/fol_0000024.smt2 : sat : 0.02s
  [145/240] card/cvc5_bapa/fol_0000025.smt2 : sat : 0.00s
  [146/240] card/cvc5_bapa/fol_0000026.smt2 : sat : 0.00s
  [147/240] card/cvc5_bapa/fol_0000027.smt2 : sat : 0.00s
  [148/240] card/cvc5_bapa/fol_0000028.smt2 : unsat : 0.04s
  [149/240] card/cvc5_bapa/fol_0000029.smt2 : sat : 0.04s
  [150/240] card/cvc5_bapa/fol_0000030.smt2 : unsat : 0.00s
  [151/240] card/cvc5_bapa/fol_0000031.smt2 : sat : 0.02s
  [152/240] card/cvc5_bapa/fol_0000032.smt2 : unsat : 0.00s
  [153/240] card/cvc5_bapa/fol_0000033.smt2 : sat : 0.02s
  [154/240] card/cvc5_bapa/fol_0000034.smt2 : unsat : 0.00s
  [155/240] card/cvc5_bapa/fol_0000035.smt2 : sat : 0.02s
  [156/240] card/cvc5_bapa/fol_0000036.smt2 : sat : 0.00s
  [157/240] card/cvc5_bapa/fol_0000037.smt2 : sat : 0.02s
  [158/240] card/cvc5_bapa/fol_0000038.smt2 : unsat : 0.00s
  [159/240] card/cvc5_bapa/fol_0000039.smt2 : sat : 0.02s
  [160/240] card/cvc5_bapa/fol_0000040.smt2 : unsat : 0.00s
  [161/240] card/cvc5_bapa/fol_0000041.smt2 : sat : 0.02s
  [162/240] card/cvc5_bapa/fol_0000042.smt2 : sat : 0.00s
  [163/240] card/cvc5_bapa/fol_0000043.smt2 : sat : 0.04s
  [164/240] card/cvc5_bapa/fol_0000044.smt2 : sat : 0.02s
  [165/240] card/cvc5_bapa/fol_0000045.smt2 : unsat : 0.21s
  [166/240] card/cvc5_bapa/fol_0000046.smt2 : sat : 6.79s
  [167/240] card/cvc5_bapa/fol_0000047.smt2 : unsat : 3.59s
  [168/240] card/cvc5_bapa/fol_0000048.smt2 : timeout : 100.00s
  [169/240] card/cvc5_bapa/fol_0000049.smt2 : timeout : 100.00s
  [170/240] card/cvc5_bapa/fol_0000050.smt2 : sat : 0.01s
  [171/240] card/cvc5_bapa/fol_0000051.smt2 : sat : 4.13s
  [172/240] card/cvc5_bapa/fol_0000052.smt2 : sat : 4.08s
  [173/240] card/cvc5_bapa/fol_0000053.smt2 : sat : 4.03s
  [174/240] card/cvc5_bapa/fol_0000054.smt2 : sat : 4.14s
  [175/240] card/cvc5_bapa/fol_0000055.smt2 : unsat : 3.27s
  [176/240] card/cvc5_bapa/fol_0000056.smt2 : sat : 0.02s
  [177/240] card/cvc5_bapa/fol_0000057.smt2 : sat : 0.22s
  [178/240] card/cvc5_bapa/fol_0000058.smt2 : unsat : 0.05s
  [179/240] card/cvc5_bapa/fol_0000059.smt2 : unsat : 0.01s
  [180/240] card/cvc5_bapa/fol_0000060.smt2 : unsat : 0.22s
  [181/240] card/cvc5_bapa/fol_0000061.smt2 : unsat : 0.21s
  [182/240] card/cvc5_bapa/fol_0000062.smt2 : sat : 0.22s
  [183/240] card/cvc5_bapa/fol_0000063.smt2 : unsat : 0.06s
  [184/240] card/cvc5_bapa/fol_0000064.smt2 : unsat : 0.01s
  [185/240] card/cvc5_bapa/fol_0000065.smt2 : unsat : 0.22s
  [186/240] card/cvc5_bapa/fol_0000066.smt2 : unsat : 0.22s
  [187/240] card/cvc5_bapa/fol_0000067.smt2 : unsat : 0.22s
  [188/240] card/cvc5_bapa/fol_0000068.smt2 : unsat : 0.21s
  [189/240] card/cvc5_bapa/fol_0000069.smt2 : sat : 4.08s
  [190/240] card/cvc5_bapa/fol_0000070.smt2 : unsat : 3.65s
  [191/240] card/cvc5_bapa/fol_0000071.smt2 : timeout : 100.00s
  [192/240] card/cvc5_bapa/fol_0000072.smt2 : timeout : 100.00s
  [193/240] card/cvc5_bapa/fol_0000073.smt2 : sat : 0.01s
  [194/240] card/cvc5_bapa/fol_0000074.smt2 : sat : 4.20s
  [195/240] card/cvc5_bapa/fol_0000075.smt2 : sat : 4.16s
  [196/240] card/cvc5_bapa/fol_0000076.smt2 : sat : 4.15s
  [197/240] card/cvc5_bapa/fol_0000077.smt2 : sat : 4.11s
  [198/240] card/cvc5_bapa/fol_0000078.smt2 : unsat : 3.31s
  [199/240] card/cvc5_bapa/fol_0000079.smt2 : sat : 0.02s
  [200/240] card/cvc5_bapa/fol_0000080.smt2 : sat : 0.32s
  [201/240] card/cvc5_bapa/fol_0000081.smt2 : unsat : 0.01s
  [202/240] card/cvc5_bapa/fol_0000082.smt2 : sat : 0.35s
  [203/240] card/cvc5_bapa/fol_0000083.smt2 : unsat : 0.32s
  [204/240] card/cvc5_bapa/fol_0000084.smt2 : sat : 4.13s
  [205/240] card/cvc5_bapa/fol_0000085.smt2 : unsat : 0.21s
  [206/240] card/cvc5_bapa/fol_0000086.smt2 : unsat : 0.21s
  [207/240] card/cvc5_bapa/fol_0000087.smt2 : unsat : 0.31s
  [208/240] card/cvc5_bapa/fol_0000088.smt2 : unsat : 3.63s
  [209/240] card/cvc5_bapa/fol_0000089.smt2 : unsat : 3.65s
  [210/240] card/cvc5_bapa/fol_0000090.smt2 : sat : 0.32s
  [211/240] card/cvc5_bapa/fol_0000091.smt2 : unsat : 0.01s
  [212/240] card/cvc5_bapa/fol_0000092.smt2 : unsat : 0.31s
  [213/240] card/cvc5_bapa/fol_0000093.smt2 : unsat : 0.31s
  [214/240] card/cvc5_bapa/fol_0000094.smt2 : unsat : 0.21s
  [215/240] card/cvc5_bapa/fol_0000095.smt2 : unsat : 3.65s
  [216/240] card/cvc5_bapa/fol_0000096.smt2 : timeout : 100.00s
  [217/240] card/cvc5_bapa/fol_0000097.smt2 : timeout : 100.00s
  [218/240] card/cvc5_bapa/fol_0000098.smt2 : timeout : 100.00s
  [219/240] card/cvc5_bapa/fol_0000099.smt2 : timeout : 100.00s
  [220/240] card/cvc5_bapa/fol_0000100.smt2 : timeout : 100.00s
  [221/240] card/cvc5_bapa/fol_0000101.smt2 : sat : 0.02s
  [222/240] card/cvc5_bapa/fol_0000102.smt2 : timeout : 100.00s
  [223/240] card/cvc5_bapa/fol_0000103.smt2 : timeout : 100.00s
  [224/240] card/cvc5_bapa/fol_0000104.smt2 : timeout : 100.00s
  [225/240] card/cvc5_bapa/fol_0000105.smt2 : timeout : 100.00s
  [226/240] card/cvc5_bapa/fol_0000106.smt2 : timeout : 100.00s
  [227/240] card/cvc5_bapa/fol_0000107.smt2 : timeout : 100.00s
  [228/240] card/cvc5_bapa/fol_0000108.smt2 : sat : 0.01s
  [229/240] card/cvc5_bapa/fol_0000109.smt2 : sat : 6.99s
  [230/240] card/cvc5_bapa/fol_0000110.smt2 : unsat : 0.22s
  [231/240] card/cvc5_bapa/fol_0000111.smt2 : unsat : 0.32s
  [232/240] card/cvc5_bapa/fol_0000112.smt2 : unsat : 3.65s
  [233/240] card/cvc5_bapa/fol_0000113.smt2 : sat : 3.79s
  [234/240] card/cvc5_bapa/fol_0000114.smt2 : unsat : 0.32s
  [235/240] card/cvc5_bapa/fol_0000115.smt2 : unsat : 0.32s
  [236/240] card/cvc5_bapa/fol_0000116.smt2 : unsat : 3.48s
  [237/240] card/cvc5_bapa/fol_0000117.smt2 : sat : 4.09s
  [238/240] card/cvc5_bapa/fol_0000118.smt2 : timeout : 100.00s
  [239/240] card/cvc5_bapa/fol_0000119.smt2 : unsat : 3.70s
  [240/240] card/cvc5_bapa/fol_0000120.smt2 : unsat : 3.37s
  wrote /Users/mahgoubyahia/fmcad26/output/bapa_cvc5.csv
  bapa_cvc5: updated 240/240 rows

=== bapa_cvc5_nonneg: 240 benchmarks, sequential, timeout 100s ===
  [1/240] arith/cvc5_bapa/fol_0000001.smt2 : sat : 0.01s
  [2/240] arith/cvc5_bapa/fol_0000002.smt2 : sat : 0.01s
  [3/240] arith/cvc5_bapa/fol_0000003.smt2 : sat : 0.01s
  [4/240] arith/cvc5_bapa/fol_0000004.smt2 : sat : 0.03s
  [5/240] arith/cvc5_bapa/fol_0000005.smt2 : sat : 0.03s
  [6/240] arith/cvc5_bapa/fol_0000006.smt2 : sat : 0.03s
  [7/240] arith/cvc5_bapa/fol_0000007.smt2 : sat : 0.03s
  [8/240] arith/cvc5_bapa/fol_0000008.smt2 : sat : 0.03s
  [9/240] arith/cvc5_bapa/fol_0000009.smt2 : sat : 0.03s
  [10/240] arith/cvc5_bapa/fol_0000010.smt2 : sat : 0.03s
  [11/240] arith/cvc5_bapa/fol_0000011.smt2 : sat : 0.03s
  [12/240] arith/cvc5_bapa/fol_0000012.smt2 : sat : 0.03s
  [13/240] arith/cvc5_bapa/fol_0000013.smt2 : sat : 0.03s
  [14/240] arith/cvc5_bapa/fol_0000014.smt2 : sat : 0.03s
  [15/240] arith/cvc5_bapa/fol_0000015.smt2 : sat : 0.03s
  [16/240] arith/cvc5_bapa/fol_0000016.smt2 : sat : 0.03s
  [17/240] arith/cvc5_bapa/fol_0000017.smt2 : sat : 0.03s
  [18/240] arith/cvc5_bapa/fol_0000018.smt2 : sat : 0.03s
  [19/240] arith/cvc5_bapa/fol_0000019.smt2 : sat : 0.03s
  [20/240] arith/cvc5_bapa/fol_0000020.smt2 : sat : 0.03s
  [21/240] arith/cvc5_bapa/fol_0000021.smt2 : unsat : 0.01s
  [22/240] arith/cvc5_bapa/fol_0000022.smt2 : sat : 0.03s
  [23/240] arith/cvc5_bapa/fol_0000023.smt2 : unsat : 0.01s
  [24/240] arith/cvc5_bapa/fol_0000024.smt2 : sat : 0.03s
  [25/240] arith/cvc5_bapa/fol_0000025.smt2 : sat : 0.01s
  [26/240] arith/cvc5_bapa/fol_0000026.smt2 : sat : 0.01s
  [27/240] arith/cvc5_bapa/fol_0000027.smt2 : sat : 0.01s
  [28/240] arith/cvc5_bapa/fol_0000028.smt2 : unsat : 0.05s
  [29/240] arith/cvc5_bapa/fol_0000029.smt2 : sat : 0.05s
  [30/240] arith/cvc5_bapa/fol_0000030.smt2 : unsat : 0.01s
  [31/240] arith/cvc5_bapa/fol_0000031.smt2 : sat : 0.03s
  [32/240] arith/cvc5_bapa/fol_0000032.smt2 : unsat : 0.01s
  [33/240] arith/cvc5_bapa/fol_0000033.smt2 : sat : 0.03s
  [34/240] arith/cvc5_bapa/fol_0000034.smt2 : unsat : 0.01s
  [35/240] arith/cvc5_bapa/fol_0000035.smt2 : sat : 0.03s
  [36/240] arith/cvc5_bapa/fol_0000036.smt2 : sat : 0.01s
  [37/240] arith/cvc5_bapa/fol_0000037.smt2 : sat : 0.03s
  [38/240] arith/cvc5_bapa/fol_0000038.smt2 : unsat : 0.01s
  [39/240] arith/cvc5_bapa/fol_0000039.smt2 : sat : 0.03s
  [40/240] arith/cvc5_bapa/fol_0000040.smt2 : unsat : 0.01s
  [41/240] arith/cvc5_bapa/fol_0000041.smt2 : sat : 0.03s
  [42/240] arith/cvc5_bapa/fol_0000042.smt2 : sat : 0.01s
  [43/240] arith/cvc5_bapa/fol_0000043.smt2 : sat : 0.05s
  [44/240] arith/cvc5_bapa/fol_0000044.smt2 : sat : 0.03s
  [45/240] arith/cvc5_bapa/fol_0000045.smt2 : unsat : 0.05s
  [46/240] arith/cvc5_bapa/fol_0000046.smt2 : sat : 0.05s
  [47/240] arith/cvc5_bapa/fol_0000047.smt2 : unsat : 0.06s
  [48/240] arith/cvc5_bapa/fol_0000048.smt2 : sat : 0.06s
  [49/240] arith/cvc5_bapa/fol_0000049.smt2 : sat : 0.06s
  [50/240] arith/cvc5_bapa/fol_0000050.smt2 : sat : 0.01s
  [51/240] arith/cvc5_bapa/fol_0000051.smt2 : sat : 0.06s
  [52/240] arith/cvc5_bapa/fol_0000052.smt2 : sat : 0.06s
  [53/240] arith/cvc5_bapa/fol_0000053.smt2 : sat : 0.06s
  [54/240] arith/cvc5_bapa/fol_0000054.smt2 : sat : 0.06s
  [55/240] arith/cvc5_bapa/fol_0000055.smt2 : unsat : 0.01s
  [56/240] arith/cvc5_bapa/fol_0000056.smt2 : sat : 0.03s
  [57/240] arith/cvc5_bapa/fol_0000057.smt2 : sat : 0.05s
  [58/240] arith/cvc5_bapa/fol_0000058.smt2 : unsat : 0.05s
  [59/240] arith/cvc5_bapa/fol_0000059.smt2 : unsat : 0.01s
  [60/240] arith/cvc5_bapa/fol_0000060.smt2 : unsat : 0.05s
  [61/240] arith/cvc5_bapa/fol_0000061.smt2 : unsat : 0.05s
  [62/240] arith/cvc5_bapa/fol_0000062.smt2 : sat : 0.06s
  [63/240] arith/cvc5_bapa/fol_0000063.smt2 : unsat : 0.05s
  [64/240] arith/cvc5_bapa/fol_0000064.smt2 : unsat : 0.01s
  [65/240] arith/cvc5_bapa/fol_0000065.smt2 : unsat : 0.05s
  [66/240] arith/cvc5_bapa/fol_0000066.smt2 : unsat : 0.05s
  [67/240] arith/cvc5_bapa/fol_0000067.smt2 : unsat : 0.05s
  [68/240] arith/cvc5_bapa/fol_0000068.smt2 : unsat : 0.05s
  [69/240] arith/cvc5_bapa/fol_0000069.smt2 : sat : 0.05s
  [70/240] arith/cvc5_bapa/fol_0000070.smt2 : unsat : 0.05s
  [71/240] arith/cvc5_bapa/fol_0000071.smt2 : sat : 0.05s
  [72/240] arith/cvc5_bapa/fol_0000072.smt2 : sat : 0.05s
  [73/240] arith/cvc5_bapa/fol_0000073.smt2 : sat : 0.01s
  [74/240] arith/cvc5_bapa/fol_0000074.smt2 : sat : 0.05s
  [75/240] arith/cvc5_bapa/fol_0000075.smt2 : sat : 0.06s
  [76/240] arith/cvc5_bapa/fol_0000076.smt2 : sat : 0.06s
  [77/240] arith/cvc5_bapa/fol_0000077.smt2 : sat : 0.06s
  [78/240] arith/cvc5_bapa/fol_0000078.smt2 : unsat : 0.01s
  [79/240] arith/cvc5_bapa/fol_0000079.smt2 : sat : 0.03s
  [80/240] arith/cvc5_bapa/fol_0000080.smt2 : sat : 0.03s
  [81/240] arith/cvc5_bapa/fol_0000081.smt2 : unsat : 0.01s
  [82/240] arith/cvc5_bapa/fol_0000082.smt2 : sat : 0.03s
  [83/240] arith/cvc5_bapa/fol_0000083.smt2 : unsat : 0.01s
  [84/240] arith/cvc5_bapa/fol_0000084.smt2 : sat : 0.06s
  [85/240] arith/cvc5_bapa/fol_0000085.smt2 : unsat : 0.06s
  [86/240] arith/cvc5_bapa/fol_0000086.smt2 : unsat : 0.05s
  [87/240] arith/cvc5_bapa/fol_0000087.smt2 : unsat : 0.01s
  [88/240] arith/cvc5_bapa/fol_0000088.smt2 : unsat : 0.05s
  [89/240] arith/cvc5_bapa/fol_0000089.smt2 : unsat : 0.05s
  [90/240] arith/cvc5_bapa/fol_0000090.smt2 : sat : 0.03s
  [91/240] arith/cvc5_bapa/fol_0000091.smt2 : unsat : 0.01s
  [92/240] arith/cvc5_bapa/fol_0000092.smt2 : unsat : 0.01s
  [93/240] arith/cvc5_bapa/fol_0000093.smt2 : unsat : 0.01s
  [94/240] arith/cvc5_bapa/fol_0000094.smt2 : unsat : 0.05s
  [95/240] arith/cvc5_bapa/fol_0000095.smt2 : unsat : 0.05s
  [96/240] arith/cvc5_bapa/fol_0000096.smt2 : sat : 0.05s
  [97/240] arith/cvc5_bapa/fol_0000097.smt2 : unsat : 0.05s
  [98/240] arith/cvc5_bapa/fol_0000098.smt2 : unsat : 0.06s
  [99/240] arith/cvc5_bapa/fol_0000099.smt2 : sat : 0.05s
  [100/240] arith/cvc5_bapa/fol_0000100.smt2 : sat : 0.05s
  [101/240] arith/cvc5_bapa/fol_0000101.smt2 : sat : 0.01s
  [102/240] arith/cvc5_bapa/fol_0000102.smt2 : sat : 0.06s
  [103/240] arith/cvc5_bapa/fol_0000103.smt2 : sat : 0.05s
  [104/240] arith/cvc5_bapa/fol_0000104.smt2 : sat : 0.06s
  [105/240] arith/cvc5_bapa/fol_0000105.smt2 : sat : 0.06s
  [106/240] arith/cvc5_bapa/fol_0000106.smt2 : sat : 0.06s
  [107/240] arith/cvc5_bapa/fol_0000107.smt2 : unsat : 0.01s
  [108/240] arith/cvc5_bapa/fol_0000108.smt2 : sat : 0.03s
  [109/240] arith/cvc5_bapa/fol_0000109.smt2 : sat : 0.06s
  [110/240] arith/cvc5_bapa/fol_0000110.smt2 : unsat : 0.05s
  [111/240] arith/cvc5_bapa/fol_0000111.smt2 : unsat : 0.01s
  [112/240] arith/cvc5_bapa/fol_0000112.smt2 : unsat : 0.05s
  [113/240] arith/cvc5_bapa/fol_0000113.smt2 : sat : 0.03s
  [114/240] arith/cvc5_bapa/fol_0000114.smt2 : unsat : 0.01s
  [115/240] arith/cvc5_bapa/fol_0000115.smt2 : unsat : 0.01s
  [116/240] arith/cvc5_bapa/fol_0000116.smt2 : unsat : 0.01s
  [117/240] arith/cvc5_bapa/fol_0000117.smt2 : sat : 0.03s
  [118/240] arith/cvc5_bapa/fol_0000118.smt2 : sat : 0.05s
  [119/240] arith/cvc5_bapa/fol_0000119.smt2 : unsat : 0.05s
  [120/240] arith/cvc5_bapa/fol_0000120.smt2 : unsat : 0.01s
  [121/240] card/cvc5_bapa/fol_0000001.smt2 : sat : 0.00s
  [122/240] card/cvc5_bapa/fol_0000002.smt2 : sat : 0.00s
  [123/240] card/cvc5_bapa/fol_0000003.smt2 : sat : 0.00s
  [124/240] card/cvc5_bapa/fol_0000004.smt2 : sat : 0.02s
  [125/240] card/cvc5_bapa/fol_0000005.smt2 : sat : 0.02s
  [126/240] card/cvc5_bapa/fol_0000006.smt2 : sat : 0.02s
  [127/240] card/cvc5_bapa/fol_0000007.smt2 : sat : 0.02s
  [128/240] card/cvc5_bapa/fol_0000008.smt2 : sat : 0.02s
  [129/240] card/cvc5_bapa/fol_0000009.smt2 : sat : 0.02s
  [130/240] card/cvc5_bapa/fol_0000010.smt2 : sat : 0.02s
  [131/240] card/cvc5_bapa/fol_0000011.smt2 : sat : 0.02s
  [132/240] card/cvc5_bapa/fol_0000012.smt2 : sat : 0.02s
  [133/240] card/cvc5_bapa/fol_0000013.smt2 : sat : 0.02s
  [134/240] card/cvc5_bapa/fol_0000014.smt2 : sat : 0.03s
  [135/240] card/cvc5_bapa/fol_0000015.smt2 : sat : 0.02s
  [136/240] card/cvc5_bapa/fol_0000016.smt2 : sat : 0.02s
  [137/240] card/cvc5_bapa/fol_0000017.smt2 : sat : 0.02s
  [138/240] card/cvc5_bapa/fol_0000018.smt2 : sat : 0.03s
  [139/240] card/cvc5_bapa/fol_0000019.smt2 : sat : 0.02s
  [140/240] card/cvc5_bapa/fol_0000020.smt2 : sat : 0.02s
  [141/240] card/cvc5_bapa/fol_0000021.smt2 : unsat : 0.00s
  [142/240] card/cvc5_bapa/fol_0000022.smt2 : sat : 0.02s
  [143/240] card/cvc5_bapa/fol_0000023.smt2 : unsat : 0.00s
  [144/240] card/cvc5_bapa/fol_0000024.smt2 : sat : 0.02s
  [145/240] card/cvc5_bapa/fol_0000025.smt2 : sat : 0.00s
  [146/240] card/cvc5_bapa/fol_0000026.smt2 : sat : 0.00s
  [147/240] card/cvc5_bapa/fol_0000027.smt2 : sat : 0.00s
  [148/240] card/cvc5_bapa/fol_0000028.smt2 : unsat : 0.05s
  [149/240] card/cvc5_bapa/fol_0000029.smt2 : sat : 0.05s
  [150/240] card/cvc5_bapa/fol_0000030.smt2 : unsat : 0.00s
  [151/240] card/cvc5_bapa/fol_0000031.smt2 : sat : 0.02s
  [152/240] card/cvc5_bapa/fol_0000032.smt2 : unsat : 0.00s
  [153/240] card/cvc5_bapa/fol_0000033.smt2 : sat : 0.02s
  [154/240] card/cvc5_bapa/fol_0000034.smt2 : unsat : 0.00s
  [155/240] card/cvc5_bapa/fol_0000035.smt2 : sat : 0.02s
  [156/240] card/cvc5_bapa/fol_0000036.smt2 : sat : 0.00s
  [157/240] card/cvc5_bapa/fol_0000037.smt2 : sat : 0.02s
  [158/240] card/cvc5_bapa/fol_0000038.smt2 : unsat : 0.00s
  [159/240] card/cvc5_bapa/fol_0000039.smt2 : sat : 0.02s
  [160/240] card/cvc5_bapa/fol_0000040.smt2 : unsat : 0.00s
  [161/240] card/cvc5_bapa/fol_0000041.smt2 : sat : 0.02s
  [162/240] card/cvc5_bapa/fol_0000042.smt2 : sat : 0.00s
  [163/240] card/cvc5_bapa/fol_0000043.smt2 : sat : 0.05s
  [164/240] card/cvc5_bapa/fol_0000044.smt2 : sat : 0.02s
  [165/240] card/cvc5_bapa/fol_0000045.smt2 : unsat : 0.22s
  [166/240] card/cvc5_bapa/fol_0000046.smt2 : sat : 7.03s
  [167/240] card/cvc5_bapa/fol_0000047.smt2 : unsat : 3.76s
  [168/240] card/cvc5_bapa/fol_0000048.smt2 : timeout : 100.00s
  [169/240] card/cvc5_bapa/fol_0000049.smt2 : timeout : 100.00s
  [170/240] card/cvc5_bapa/fol_0000050.smt2 : sat : 0.01s
  [171/240] card/cvc5_bapa/fol_0000051.smt2 : sat : 4.40s
  [172/240] card/cvc5_bapa/fol_0000052.smt2 : sat : 4.28s
  [173/240] card/cvc5_bapa/fol_0000053.smt2 : sat : 4.24s
  [174/240] card/cvc5_bapa/fol_0000054.smt2 : sat : 4.34s
  [175/240] card/cvc5_bapa/fol_0000055.smt2 : unsat : 3.47s
  [176/240] card/cvc5_bapa/fol_0000056.smt2 : sat : 0.01s
  [177/240] card/cvc5_bapa/fol_0000057.smt2 : sat : 0.23s
  [178/240] card/cvc5_bapa/fol_0000058.smt2 : unsat : 0.05s
  [179/240] card/cvc5_bapa/fol_0000059.smt2 : unsat : 0.01s
  [180/240] card/cvc5_bapa/fol_0000060.smt2 : unsat : 0.22s
  [181/240] card/cvc5_bapa/fol_0000061.smt2 : unsat : 0.22s
  [182/240] card/cvc5_bapa/fol_0000062.smt2 : sat : 0.23s
  [183/240] card/cvc5_bapa/fol_0000063.smt2 : unsat : 0.05s
  [184/240] card/cvc5_bapa/fol_0000064.smt2 : unsat : 0.01s
  [185/240] card/cvc5_bapa/fol_0000065.smt2 : unsat : 0.22s
  [186/240] card/cvc5_bapa/fol_0000066.smt2 : unsat : 0.22s
  [187/240] card/cvc5_bapa/fol_0000067.smt2 : unsat : 0.22s
  [188/240] card/cvc5_bapa/fol_0000068.smt2 : unsat : 0.22s
  [189/240] card/cvc5_bapa/fol_0000069.smt2 : sat : 4.27s
  [190/240] card/cvc5_bapa/fol_0000070.smt2 : unsat : 3.88s
  [191/240] card/cvc5_bapa/fol_0000071.smt2 : timeout : 100.00s
  [192/240] card/cvc5_bapa/fol_0000072.smt2 : timeout : 100.00s
  [193/240] card/cvc5_bapa/fol_0000073.smt2 : sat : 0.01s
  [194/240] card/cvc5_bapa/fol_0000074.smt2 : sat : 4.38s
  [195/240] card/cvc5_bapa/fol_0000075.smt2 : sat : 4.37s
  [196/240] card/cvc5_bapa/fol_0000076.smt2 : sat : 4.36s
  [197/240] card/cvc5_bapa/fol_0000077.smt2 : sat : 4.32s
  [198/240] card/cvc5_bapa/fol_0000078.smt2 : unsat : 3.51s
  [199/240] card/cvc5_bapa/fol_0000079.smt2 : sat : 0.01s
  [200/240] card/cvc5_bapa/fol_0000080.smt2 : sat : 0.34s
  [201/240] card/cvc5_bapa/fol_0000081.smt2 : unsat : 0.01s
  [202/240] card/cvc5_bapa/fol_0000082.smt2 : sat : 0.37s
  [203/240] card/cvc5_bapa/fol_0000083.smt2 : unsat : 0.33s
  [204/240] card/cvc5_bapa/fol_0000084.smt2 : sat : 4.34s
  [205/240] card/cvc5_bapa/fol_0000085.smt2 : unsat : 0.22s
  [206/240] card/cvc5_bapa/fol_0000086.smt2 : unsat : 0.22s
  [207/240] card/cvc5_bapa/fol_0000087.smt2 : unsat : 0.33s
  [208/240] card/cvc5_bapa/fol_0000088.smt2 : unsat : 3.79s
  [209/240] card/cvc5_bapa/fol_0000089.smt2 : unsat : 3.83s
  [210/240] card/cvc5_bapa/fol_0000090.smt2 : sat : 0.34s
  [211/240] card/cvc5_bapa/fol_0000091.smt2 : unsat : 0.01s
  [212/240] card/cvc5_bapa/fol_0000092.smt2 : unsat : 0.33s
  [213/240] card/cvc5_bapa/fol_0000093.smt2 : unsat : 0.32s
  [214/240] card/cvc5_bapa/fol_0000094.smt2 : unsat : 0.22s
  [215/240] card/cvc5_bapa/fol_0000095.smt2 : unsat : 3.79s
  [216/240] card/cvc5_bapa/fol_0000096.smt2 : timeout : 100.00s
  [217/240] card/cvc5_bapa/fol_0000097.smt2 : timeout : 100.00s
  [218/240] card/cvc5_bapa/fol_0000098.smt2 : timeout : 100.00s
  [219/240] card/cvc5_bapa/fol_0000099.smt2 : timeout : 100.00s
  [220/240] card/cvc5_bapa/fol_0000100.smt2 : timeout : 100.00s
  [221/240] card/cvc5_bapa/fol_0000101.smt2 : sat : 0.01s
  [222/240] card/cvc5_bapa/fol_0000102.smt2 : timeout : 100.00s
  [223/240] card/cvc5_bapa/fol_0000103.smt2 : timeout : 100.00s
  [224/240] card/cvc5_bapa/fol_0000104.smt2 : timeout : 100.00s
  [225/240] card/cvc5_bapa/fol_0000105.smt2 : timeout : 100.00s
  [226/240] card/cvc5_bapa/fol_0000106.smt2 : timeout : 100.00s
  [227/240] card/cvc5_bapa/fol_0000107.smt2 : timeout : 100.00s
  [228/240] card/cvc5_bapa/fol_0000108.smt2 : sat : 0.02s
  [229/240] card/cvc5_bapa/fol_0000109.smt2 : sat : 7.08s
  [230/240] card/cvc5_bapa/fol_0000110.smt2 : unsat : 0.22s
  [231/240] card/cvc5_bapa/fol_0000111.smt2 : unsat : 0.33s
  [232/240] card/cvc5_bapa/fol_0000112.smt2 : unsat : 3.78s
  [233/240] card/cvc5_bapa/fol_0000113.smt2 : sat : 3.96s
  [234/240] card/cvc5_bapa/fol_0000114.smt2 : unsat : 0.33s
  [235/240] card/cvc5_bapa/fol_0000115.smt2 : unsat : 0.32s
  [236/240] card/cvc5_bapa/fol_0000116.smt2 : unsat : 3.49s
  [237/240] card/cvc5_bapa/fol_0000117.smt2 : sat : 4.04s
  [238/240] card/cvc5_bapa/fol_0000118.smt2 : timeout : 100.00s
  [239/240] card/cvc5_bapa/fol_0000119.smt2 : unsat : 4.02s
  [240/240] card/cvc5_bapa/fol_0000120.smt2 : unsat : 3.50s
  wrote /Users/mahgoubyahia/fmcad26/output/bapa_cvc5_nonneg.csv
  bapa_cvc5_nonneg: updated 240/240 rows

=== mapa_cvc5: 240 benchmarks, sequential, timeout 100s ===
  [1/240] arith/cvc5_mapa/fol_0000001.smt2 : sat : 0.01s
  [2/240] arith/cvc5_mapa/fol_0000002.smt2 : sat : 0.01s
  [3/240] arith/cvc5_mapa/fol_0000003.smt2 : sat : 0.01s
  [4/240] arith/cvc5_mapa/fol_0000004.smt2 : sat : 0.01s
  [5/240] arith/cvc5_mapa/fol_0000005.smt2 : sat : 0.01s
  [6/240] arith/cvc5_mapa/fol_0000006.smt2 : sat : 0.01s
  [7/240] arith/cvc5_mapa/fol_0000007.smt2 : sat : 0.01s
  [8/240] arith/cvc5_mapa/fol_0000008.smt2 : sat : 0.01s
  [9/240] arith/cvc5_mapa/fol_0000009.smt2 : sat : 0.01s
  [10/240] arith/cvc5_mapa/fol_0000010.smt2 : sat : 0.01s
  [11/240] arith/cvc5_mapa/fol_0000011.smt2 : sat : 0.01s
  [12/240] arith/cvc5_mapa/fol_0000012.smt2 : sat : 0.01s
  [13/240] arith/cvc5_mapa/fol_0000013.smt2 : sat : 0.01s
  [14/240] arith/cvc5_mapa/fol_0000014.smt2 : sat : 0.01s
  [15/240] arith/cvc5_mapa/fol_0000015.smt2 : sat : 0.00s
  [16/240] arith/cvc5_mapa/fol_0000016.smt2 : sat : 0.00s
  [17/240] arith/cvc5_mapa/fol_0000017.smt2 : sat : 0.00s
  [18/240] arith/cvc5_mapa/fol_0000018.smt2 : sat : 0.00s
  [19/240] arith/cvc5_mapa/fol_0000019.smt2 : sat : 0.01s
  [20/240] arith/cvc5_mapa/fol_0000020.smt2 : sat : 0.00s
  [21/240] arith/cvc5_mapa/fol_0000021.smt2 : unsat : 0.00s
  [22/240] arith/cvc5_mapa/fol_0000022.smt2 : sat : 0.00s
  [23/240] arith/cvc5_mapa/fol_0000023.smt2 : unsat : 0.00s
  [24/240] arith/cvc5_mapa/fol_0000024.smt2 : sat : 0.01s
  [25/240] arith/cvc5_mapa/fol_0000025.smt2 : sat : 0.00s
  [26/240] arith/cvc5_mapa/fol_0000026.smt2 : sat : 0.00s
  [27/240] arith/cvc5_mapa/fol_0000027.smt2 : sat : 0.00s
  [28/240] arith/cvc5_mapa/fol_0000028.smt2 : unsat : 0.02s
  [29/240] arith/cvc5_mapa/fol_0000029.smt2 : sat : 0.01s
  [30/240] arith/cvc5_mapa/fol_0000030.smt2 : unsat : 0.00s
  [31/240] arith/cvc5_mapa/fol_0000031.smt2 : sat : 0.00s
  [32/240] arith/cvc5_mapa/fol_0000032.smt2 : unsat : 0.00s
  [33/240] arith/cvc5_mapa/fol_0000033.smt2 : sat : 0.00s
  [34/240] arith/cvc5_mapa/fol_0000034.smt2 : unsat : 0.00s
  [35/240] arith/cvc5_mapa/fol_0000035.smt2 : sat : 0.01s
  [36/240] arith/cvc5_mapa/fol_0000036.smt2 : sat : 0.01s
  [37/240] arith/cvc5_mapa/fol_0000037.smt2 : sat : 0.00s
  [38/240] arith/cvc5_mapa/fol_0000038.smt2 : unsat : 0.00s
  [39/240] arith/cvc5_mapa/fol_0000039.smt2 : sat : 0.01s
  [40/240] arith/cvc5_mapa/fol_0000040.smt2 : unsat : 0.01s
  [41/240] arith/cvc5_mapa/fol_0000041.smt2 : sat : 0.01s
  [42/240] arith/cvc5_mapa/fol_0000042.smt2 : sat : 0.00s
  [43/240] arith/cvc5_mapa/fol_0000043.smt2 : sat : 0.01s
  [44/240] arith/cvc5_mapa/fol_0000044.smt2 : sat : 0.01s
  [45/240] arith/cvc5_mapa/fol_0000045.smt2 : unsat : 0.02s
  [46/240] arith/cvc5_mapa/fol_0000046.smt2 : sat : 0.01s
  [47/240] arith/cvc5_mapa/fol_0000047.smt2 : unsat : 0.02s
  [48/240] arith/cvc5_mapa/fol_0000048.smt2 : sat : 0.01s
  [49/240] arith/cvc5_mapa/fol_0000049.smt2 : sat : 0.01s
  [50/240] arith/cvc5_mapa/fol_0000050.smt2 : sat : 0.01s
  [51/240] arith/cvc5_mapa/fol_0000051.smt2 : sat : 0.01s
  [52/240] arith/cvc5_mapa/fol_0000052.smt2 : sat : 0.01s
  [53/240] arith/cvc5_mapa/fol_0000053.smt2 : sat : 0.01s
  [54/240] arith/cvc5_mapa/fol_0000054.smt2 : sat : 0.01s
  [55/240] arith/cvc5_mapa/fol_0000055.smt2 : unsat : 0.01s
  [56/240] arith/cvc5_mapa/fol_0000056.smt2 : sat : 0.01s
  [57/240] arith/cvc5_mapa/fol_0000057.smt2 : sat : 0.01s
  [58/240] arith/cvc5_mapa/fol_0000058.smt2 : unsat : 0.02s
  [59/240] arith/cvc5_mapa/fol_0000059.smt2 : unsat : 0.01s
  [60/240] arith/cvc5_mapa/fol_0000060.smt2 : unsat : 0.02s
  [61/240] arith/cvc5_mapa/fol_0000061.smt2 : unsat : 0.02s
  [62/240] arith/cvc5_mapa/fol_0000062.smt2 : sat : 0.01s
  [63/240] arith/cvc5_mapa/fol_0000063.smt2 : unsat : 0.02s
  [64/240] arith/cvc5_mapa/fol_0000064.smt2 : unsat : 0.01s
  [65/240] arith/cvc5_mapa/fol_0000065.smt2 : unsat : 0.02s
  [66/240] arith/cvc5_mapa/fol_0000066.smt2 : unsat : 0.02s
  [67/240] arith/cvc5_mapa/fol_0000067.smt2 : unsat : 0.02s
  [68/240] arith/cvc5_mapa/fol_0000068.smt2 : unsat : 0.02s
  [69/240] arith/cvc5_mapa/fol_0000069.smt2 : sat : 0.01s
  [70/240] arith/cvc5_mapa/fol_0000070.smt2 : unsat : 0.02s
  [71/240] arith/cvc5_mapa/fol_0000071.smt2 : sat : 0.01s
  [72/240] arith/cvc5_mapa/fol_0000072.smt2 : sat : 0.01s
  [73/240] arith/cvc5_mapa/fol_0000073.smt2 : sat : 0.01s
  [74/240] arith/cvc5_mapa/fol_0000074.smt2 : sat : 0.01s
  [75/240] arith/cvc5_mapa/fol_0000075.smt2 : sat : 0.01s
  [76/240] arith/cvc5_mapa/fol_0000076.smt2 : sat : 0.01s
  [77/240] arith/cvc5_mapa/fol_0000077.smt2 : sat : 0.01s
  [78/240] arith/cvc5_mapa/fol_0000078.smt2 : unsat : 0.01s
  [79/240] arith/cvc5_mapa/fol_0000079.smt2 : sat : 0.01s
  [80/240] arith/cvc5_mapa/fol_0000080.smt2 : sat : 0.01s
  [81/240] arith/cvc5_mapa/fol_0000081.smt2 : unsat : 0.01s
  [82/240] arith/cvc5_mapa/fol_0000082.smt2 : sat : 0.01s
  [83/240] arith/cvc5_mapa/fol_0000083.smt2 : unsat : 0.01s
  [84/240] arith/cvc5_mapa/fol_0000084.smt2 : sat : 0.01s
  [85/240] arith/cvc5_mapa/fol_0000085.smt2 : unsat : 0.02s
  [86/240] arith/cvc5_mapa/fol_0000086.smt2 : unsat : 0.02s
  [87/240] arith/cvc5_mapa/fol_0000087.smt2 : unsat : 0.01s
  [88/240] arith/cvc5_mapa/fol_0000088.smt2 : unsat : 0.02s
  [89/240] arith/cvc5_mapa/fol_0000089.smt2 : unsat : 0.02s
  [90/240] arith/cvc5_mapa/fol_0000090.smt2 : sat : 0.01s
  [91/240] arith/cvc5_mapa/fol_0000091.smt2 : unsat : 0.01s
  [92/240] arith/cvc5_mapa/fol_0000092.smt2 : unsat : 0.01s
  [93/240] arith/cvc5_mapa/fol_0000093.smt2 : unsat : 0.01s
  [94/240] arith/cvc5_mapa/fol_0000094.smt2 : unsat : 0.02s
  [95/240] arith/cvc5_mapa/fol_0000095.smt2 : unsat : 0.02s
  [96/240] arith/cvc5_mapa/fol_0000096.smt2 : sat : 0.01s
  [97/240] arith/cvc5_mapa/fol_0000097.smt2 : unsat : 0.03s
  [98/240] arith/cvc5_mapa/fol_0000098.smt2 : unsat : 0.02s
  [99/240] arith/cvc5_mapa/fol_0000099.smt2 : sat : 0.01s
  [100/240] arith/cvc5_mapa/fol_0000100.smt2 : sat : 0.01s
  [101/240] arith/cvc5_mapa/fol_0000101.smt2 : sat : 0.01s
  [102/240] arith/cvc5_mapa/fol_0000102.smt2 : sat : 0.01s
  [103/240] arith/cvc5_mapa/fol_0000103.smt2 : sat : 0.01s
  [104/240] arith/cvc5_mapa/fol_0000104.smt2 : sat : 0.01s
  [105/240] arith/cvc5_mapa/fol_0000105.smt2 : sat : 0.01s
  [106/240] arith/cvc5_mapa/fol_0000106.smt2 : sat : 0.01s
  [107/240] arith/cvc5_mapa/fol_0000107.smt2 : unsat : 0.01s
  [108/240] arith/cvc5_mapa/fol_0000108.smt2 : sat : 0.01s
  [109/240] arith/cvc5_mapa/fol_0000109.smt2 : sat : 0.01s
  [110/240] arith/cvc5_mapa/fol_0000110.smt2 : unsat : 0.02s
  [111/240] arith/cvc5_mapa/fol_0000111.smt2 : unsat : 0.01s
  [112/240] arith/cvc5_mapa/fol_0000112.smt2 : unsat : 0.02s
  [113/240] arith/cvc5_mapa/fol_0000113.smt2 : sat : 0.01s
  [114/240] arith/cvc5_mapa/fol_0000114.smt2 : unsat : 0.01s
  [115/240] arith/cvc5_mapa/fol_0000115.smt2 : unsat : 0.01s
  [116/240] arith/cvc5_mapa/fol_0000116.smt2 : unsat : 0.01s
  [117/240] arith/cvc5_mapa/fol_0000117.smt2 : sat : 0.01s
  [118/240] arith/cvc5_mapa/fol_0000118.smt2 : sat : 0.01s
  [119/240] arith/cvc5_mapa/fol_0000119.smt2 : unsat : 0.02s
  [120/240] arith/cvc5_mapa/fol_0000120.smt2 : unsat : 0.01s
  [121/240] card/cvc5_mapa/fol_0000001.smt2 : sat : 0.00s
  [122/240] card/cvc5_mapa/fol_0000002.smt2 : sat : 0.00s
  [123/240] card/cvc5_mapa/fol_0000003.smt2 : sat : 0.00s
  [124/240] card/cvc5_mapa/fol_0000004.smt2 : sat : 0.00s
  [125/240] card/cvc5_mapa/fol_0000005.smt2 : sat : 0.00s
  [126/240] card/cvc5_mapa/fol_0000006.smt2 : sat : 0.00s
  [127/240] card/cvc5_mapa/fol_0000007.smt2 : sat : 0.00s
  [128/240] card/cvc5_mapa/fol_0000008.smt2 : sat : 0.00s
  [129/240] card/cvc5_mapa/fol_0000009.smt2 : sat : 0.00s
  [130/240] card/cvc5_mapa/fol_0000010.smt2 : sat : 0.00s
  [131/240] card/cvc5_mapa/fol_0000011.smt2 : sat : 0.00s
  [132/240] card/cvc5_mapa/fol_0000012.smt2 : sat : 0.00s
  [133/240] card/cvc5_mapa/fol_0000013.smt2 : sat : 0.00s
  [134/240] card/cvc5_mapa/fol_0000014.smt2 : sat : 0.00s
  [135/240] card/cvc5_mapa/fol_0000015.smt2 : sat : 0.00s
  [136/240] card/cvc5_mapa/fol_0000016.smt2 : sat : 0.00s
  [137/240] card/cvc5_mapa/fol_0000017.smt2 : sat : 0.00s
  [138/240] card/cvc5_mapa/fol_0000018.smt2 : sat : 0.00s
  [139/240] card/cvc5_mapa/fol_0000019.smt2 : sat : 0.00s
  [140/240] card/cvc5_mapa/fol_0000020.smt2 : sat : 0.00s
  [141/240] card/cvc5_mapa/fol_0000021.smt2 : unsat : 0.00s
  [142/240] card/cvc5_mapa/fol_0000022.smt2 : sat : 0.00s
  [143/240] card/cvc5_mapa/fol_0000023.smt2 : unsat : 0.00s
  [144/240] card/cvc5_mapa/fol_0000024.smt2 : sat : 0.00s
  [145/240] card/cvc5_mapa/fol_0000025.smt2 : sat : 0.00s
  [146/240] card/cvc5_mapa/fol_0000026.smt2 : sat : 0.00s
  [147/240] card/cvc5_mapa/fol_0000027.smt2 : sat : 0.00s
  [148/240] card/cvc5_mapa/fol_0000028.smt2 : unsat : 0.01s
  [149/240] card/cvc5_mapa/fol_0000029.smt2 : sat : 0.01s
  [150/240] card/cvc5_mapa/fol_0000030.smt2 : unsat : 0.00s
  [151/240] card/cvc5_mapa/fol_0000031.smt2 : sat : 0.00s
  [152/240] card/cvc5_mapa/fol_0000032.smt2 : unsat : 0.00s
  [153/240] card/cvc5_mapa/fol_0000033.smt2 : sat : 0.00s
  [154/240] card/cvc5_mapa/fol_0000034.smt2 : unsat : 0.00s
  [155/240] card/cvc5_mapa/fol_0000035.smt2 : sat : 0.00s
  [156/240] card/cvc5_mapa/fol_0000036.smt2 : sat : 0.00s
  [157/240] card/cvc5_mapa/fol_0000037.smt2 : sat : 0.00s
  [158/240] card/cvc5_mapa/fol_0000038.smt2 : unsat : 0.00s
  [159/240] card/cvc5_mapa/fol_0000039.smt2 : sat : 0.00s
  [160/240] card/cvc5_mapa/fol_0000040.smt2 : unsat : 0.00s
  [161/240] card/cvc5_mapa/fol_0000041.smt2 : sat : 0.00s
  [162/240] card/cvc5_mapa/fol_0000042.smt2 : sat : 0.00s
  [163/240] card/cvc5_mapa/fol_0000043.smt2 : sat : 0.00s
  [164/240] card/cvc5_mapa/fol_0000044.smt2 : sat : 0.00s
  [165/240] card/cvc5_mapa/fol_0000045.smt2 : unsat : 0.05s
  [166/240] card/cvc5_mapa/fol_0000046.smt2 : sat : 0.26s
  [167/240] card/cvc5_mapa/fol_0000047.smt2 : unsat : 0.26s
  [168/240] card/cvc5_mapa/fol_0000048.smt2 : timeout : 100.00s
  [169/240] card/cvc5_mapa/fol_0000049.smt2 : sat : 53.39s
  [170/240] card/cvc5_mapa/fol_0000050.smt2 : sat : 0.01s
  [171/240] card/cvc5_mapa/fol_0000051.smt2 : sat : 0.01s
  [172/240] card/cvc5_mapa/fol_0000052.smt2 : sat : 0.26s
  [173/240] card/cvc5_mapa/fol_0000053.smt2 : sat : 0.01s
  [174/240] card/cvc5_mapa/fol_0000054.smt2 : sat : 0.26s
  [175/240] card/cvc5_mapa/fol_0000055.smt2 : unsat : 0.35s
  [176/240] card/cvc5_mapa/fol_0000056.smt2 : sat : 0.01s
  [177/240] card/cvc5_mapa/fol_0000057.smt2 : sat : 0.05s
  [178/240] card/cvc5_mapa/fol_0000058.smt2 : unsat : 0.02s
  [179/240] card/cvc5_mapa/fol_0000059.smt2 : unsat : 0.01s
  [180/240] card/cvc5_mapa/fol_0000060.smt2 : unsat : 0.05s
  [181/240] card/cvc5_mapa/fol_0000061.smt2 : unsat : 0.05s
  [182/240] card/cvc5_mapa/fol_0000062.smt2 : sat : 0.05s
  [183/240] card/cvc5_mapa/fol_0000063.smt2 : unsat : 0.02s
  [184/240] card/cvc5_mapa/fol_0000064.smt2 : unsat : 0.01s
  [185/240] card/cvc5_mapa/fol_0000065.smt2 : unsat : 0.05s
  [186/240] card/cvc5_mapa/fol_0000066.smt2 : unsat : 0.05s
  [187/240] card/cvc5_mapa/fol_0000067.smt2 : unsat : 0.05s
  [188/240] card/cvc5_mapa/fol_0000068.smt2 : unsat : 0.05s
  [189/240] card/cvc5_mapa/fol_0000069.smt2 : sat : 0.26s
  [190/240] card/cvc5_mapa/fol_0000070.smt2 : unsat : 0.27s
  [191/240] card/cvc5_mapa/fol_0000071.smt2 : timeout : 100.00s
  [192/240] card/cvc5_mapa/fol_0000072.smt2 : sat : 60.91s
  [193/240] card/cvc5_mapa/fol_0000073.smt2 : sat : 0.02s
  [194/240] card/cvc5_mapa/fol_0000074.smt2 : sat : 0.01s
  [195/240] card/cvc5_mapa/fol_0000075.smt2 : sat : 0.25s
  [196/240] card/cvc5_mapa/fol_0000076.smt2 : sat : 0.02s
  [197/240] card/cvc5_mapa/fol_0000077.smt2 : sat : 0.26s
  [198/240] card/cvc5_mapa/fol_0000078.smt2 : unsat : 0.39s
  [199/240] card/cvc5_mapa/fol_0000079.smt2 : sat : 0.01s
  [200/240] card/cvc5_mapa/fol_0000080.smt2 : sat : 0.08s
  [201/240] card/cvc5_mapa/fol_0000081.smt2 : unsat : 0.01s
  [202/240] card/cvc5_mapa/fol_0000082.smt2 : sat : 0.09s
  [203/240] card/cvc5_mapa/fol_0000083.smt2 : unsat : 0.07s
  [204/240] card/cvc5_mapa/fol_0000084.smt2 : sat : 0.27s
  [205/240] card/cvc5_mapa/fol_0000085.smt2 : unsat : 0.05s
  [206/240] card/cvc5_mapa/fol_0000086.smt2 : unsat : 0.05s
  [207/240] card/cvc5_mapa/fol_0000087.smt2 : unsat : 0.08s
  [208/240] card/cvc5_mapa/fol_0000088.smt2 : unsat : 0.25s
  [209/240] card/cvc5_mapa/fol_0000089.smt2 : unsat : 0.27s
  [210/240] card/cvc5_mapa/fol_0000090.smt2 : sat : 0.08s
  [211/240] card/cvc5_mapa/fol_0000091.smt2 : unsat : 0.01s
  [212/240] card/cvc5_mapa/fol_0000092.smt2 : unsat : 0.08s
  [213/240] card/cvc5_mapa/fol_0000093.smt2 : unsat : 0.08s
  [214/240] card/cvc5_mapa/fol_0000094.smt2 : unsat : 0.05s
  [215/240] card/cvc5_mapa/fol_0000095.smt2 : unsat : 0.26s
  [216/240] card/cvc5_mapa/fol_0000096.smt2 : sat : 33.87s
  [217/240] card/cvc5_mapa/fol_0000097.smt2 : timeout : 100.00s
  [218/240] card/cvc5_mapa/fol_0000098.smt2 : timeout : 100.00s
  [219/240] card/cvc5_mapa/fol_0000099.smt2 : timeout : 100.00s
  [220/240] card/cvc5_mapa/fol_0000100.smt2 : timeout : 100.00s
  [221/240] card/cvc5_mapa/fol_0000101.smt2 : sat : 0.02s
  [222/240] card/cvc5_mapa/fol_0000102.smt2 : timeout : 100.00s
  [223/240] card/cvc5_mapa/fol_0000103.smt2 : sat : 0.01s
  [224/240] card/cvc5_mapa/fol_0000104.smt2 : timeout : 100.00s
  [225/240] card/cvc5_mapa/fol_0000105.smt2 : sat : 0.02s
  [226/240] card/cvc5_mapa/fol_0000106.smt2 : timeout : 100.00s
  [227/240] card/cvc5_mapa/fol_0000107.smt2 : timeout : 100.00s
  [228/240] card/cvc5_mapa/fol_0000108.smt2 : sat : 0.01s
  [229/240] card/cvc5_mapa/fol_0000109.smt2 : sat : 0.26s
  [230/240] card/cvc5_mapa/fol_0000110.smt2 : unsat : 0.05s
  [231/240] card/cvc5_mapa/fol_0000111.smt2 : unsat : 0.07s
  [232/240] card/cvc5_mapa/fol_0000112.smt2 : unsat : 0.25s
  [233/240] card/cvc5_mapa/fol_0000113.smt2 : sat : 0.38s
  [234/240] card/cvc5_mapa/fol_0000114.smt2 : unsat : 0.07s
  [235/240] card/cvc5_mapa/fol_0000115.smt2 : unsat : 0.07s
  [236/240] card/cvc5_mapa/fol_0000116.smt2 : unsat : 0.36s
  [237/240] card/cvc5_mapa/fol_0000117.smt2 : sat : 0.36s
  [238/240] card/cvc5_mapa/fol_0000118.smt2 : sat : 47.36s
  [239/240] card/cvc5_mapa/fol_0000119.smt2 : unsat : 0.25s
  [240/240] card/cvc5_mapa/fol_0000120.smt2 : unsat : 0.34s
  wrote /Users/mahgoubyahia/fmcad26/output/mapa_cvc5.csv
  mapa_cvc5: updated 240/240 rows

=== mapa_cvc5_nonneg: 240 benchmarks, sequential, timeout 100s ===
  [1/240] arith/cvc5_mapa/fol_0000001.smt2 : sat : 0.00s
  [2/240] arith/cvc5_mapa/fol_0000002.smt2 : sat : 0.00s
  [3/240] arith/cvc5_mapa/fol_0000003.smt2 : sat : 0.00s
  [4/240] arith/cvc5_mapa/fol_0000004.smt2 : sat : 0.00s
  [5/240] arith/cvc5_mapa/fol_0000005.smt2 : sat : 0.00s
  [6/240] arith/cvc5_mapa/fol_0000006.smt2 : sat : 0.00s
  [7/240] arith/cvc5_mapa/fol_0000007.smt2 : sat : 0.00s
  [8/240] arith/cvc5_mapa/fol_0000008.smt2 : sat : 0.00s
  [9/240] arith/cvc5_mapa/fol_0000009.smt2 : sat : 0.00s
  [10/240] arith/cvc5_mapa/fol_0000010.smt2 : sat : 0.00s
  [11/240] arith/cvc5_mapa/fol_0000011.smt2 : sat : 0.00s
  [12/240] arith/cvc5_mapa/fol_0000012.smt2 : sat : 0.00s
  [13/240] arith/cvc5_mapa/fol_0000013.smt2 : sat : 0.00s
  [14/240] arith/cvc5_mapa/fol_0000014.smt2 : sat : 0.00s
  [15/240] arith/cvc5_mapa/fol_0000015.smt2 : sat : 0.00s
  [16/240] arith/cvc5_mapa/fol_0000016.smt2 : sat : 0.00s
  [17/240] arith/cvc5_mapa/fol_0000017.smt2 : sat : 0.00s
  [18/240] arith/cvc5_mapa/fol_0000018.smt2 : sat : 0.00s
  [19/240] arith/cvc5_mapa/fol_0000019.smt2 : sat : 0.00s
  [20/240] arith/cvc5_mapa/fol_0000020.smt2 : sat : 0.00s
  [21/240] arith/cvc5_mapa/fol_0000021.smt2 : unsat : 0.00s
  [22/240] arith/cvc5_mapa/fol_0000022.smt2 : sat : 0.00s
  [23/240] arith/cvc5_mapa/fol_0000023.smt2 : unsat : 0.00s
  [24/240] arith/cvc5_mapa/fol_0000024.smt2 : sat : 0.00s
  [25/240] arith/cvc5_mapa/fol_0000025.smt2 : sat : 0.00s
  [26/240] arith/cvc5_mapa/fol_0000026.smt2 : sat : 0.00s
  [27/240] arith/cvc5_mapa/fol_0000027.smt2 : sat : 0.00s
  [28/240] arith/cvc5_mapa/fol_0000028.smt2 : unsat : 0.01s
  [29/240] arith/cvc5_mapa/fol_0000029.smt2 : sat : 0.00s
  [30/240] arith/cvc5_mapa/fol_0000030.smt2 : unsat : 0.00s
  [31/240] arith/cvc5_mapa/fol_0000031.smt2 : sat : 0.00s
  [32/240] arith/cvc5_mapa/fol_0000032.smt2 : unsat : 0.00s
  [33/240] arith/cvc5_mapa/fol_0000033.smt2 : sat : 0.00s
  [34/240] arith/cvc5_mapa/fol_0000034.smt2 : unsat : 0.00s
  [35/240] arith/cvc5_mapa/fol_0000035.smt2 : sat : 0.00s
  [36/240] arith/cvc5_mapa/fol_0000036.smt2 : sat : 0.00s
  [37/240] arith/cvc5_mapa/fol_0000037.smt2 : sat : 0.00s
  [38/240] arith/cvc5_mapa/fol_0000038.smt2 : unsat : 0.00s
  [39/240] arith/cvc5_mapa/fol_0000039.smt2 : sat : 0.00s
  [40/240] arith/cvc5_mapa/fol_0000040.smt2 : unsat : 0.00s
  [41/240] arith/cvc5_mapa/fol_0000041.smt2 : sat : 0.00s
  [42/240] arith/cvc5_mapa/fol_0000042.smt2 : sat : 0.00s
  [43/240] arith/cvc5_mapa/fol_0000043.smt2 : sat : 0.00s
  [44/240] arith/cvc5_mapa/fol_0000044.smt2 : sat : 0.00s
  [45/240] arith/cvc5_mapa/fol_0000045.smt2 : unsat : 0.01s
  [46/240] arith/cvc5_mapa/fol_0000046.smt2 : sat : 0.00s
  [47/240] arith/cvc5_mapa/fol_0000047.smt2 : unsat : 0.01s
  [48/240] arith/cvc5_mapa/fol_0000048.smt2 : sat : 0.00s
  [49/240] arith/cvc5_mapa/fol_0000049.smt2 : sat : 0.00s
  [50/240] arith/cvc5_mapa/fol_0000050.smt2 : sat : 0.00s
  [51/240] arith/cvc5_mapa/fol_0000051.smt2 : sat : 0.00s
  [52/240] arith/cvc5_mapa/fol_0000052.smt2 : sat : 0.00s
  [53/240] arith/cvc5_mapa/fol_0000053.smt2 : sat : 0.00s
  [54/240] arith/cvc5_mapa/fol_0000054.smt2 : sat : 0.00s
  [55/240] arith/cvc5_mapa/fol_0000055.smt2 : unsat : 0.00s
  [56/240] arith/cvc5_mapa/fol_0000056.smt2 : sat : 0.00s
  [57/240] arith/cvc5_mapa/fol_0000057.smt2 : sat : 0.00s
  [58/240] arith/cvc5_mapa/fol_0000058.smt2 : unsat : 0.01s
  [59/240] arith/cvc5_mapa/fol_0000059.smt2 : unsat : 0.00s
  [60/240] arith/cvc5_mapa/fol_0000060.smt2 : unsat : 0.01s
  [61/240] arith/cvc5_mapa/fol_0000061.smt2 : unsat : 0.01s
  [62/240] arith/cvc5_mapa/fol_0000062.smt2 : sat : 0.00s
  [63/240] arith/cvc5_mapa/fol_0000063.smt2 : unsat : 0.01s
  [64/240] arith/cvc5_mapa/fol_0000064.smt2 : unsat : 0.00s
  [65/240] arith/cvc5_mapa/fol_0000065.smt2 : unsat : 0.01s
  [66/240] arith/cvc5_mapa/fol_0000066.smt2 : unsat : 0.01s
  [67/240] arith/cvc5_mapa/fol_0000067.smt2 : unsat : 0.01s
  [68/240] arith/cvc5_mapa/fol_0000068.smt2 : unsat : 0.01s
  [69/240] arith/cvc5_mapa/fol_0000069.smt2 : sat : 0.00s
  [70/240] arith/cvc5_mapa/fol_0000070.smt2 : unsat : 0.01s
  [71/240] arith/cvc5_mapa/fol_0000071.smt2 : sat : 0.00s
  [72/240] arith/cvc5_mapa/fol_0000072.smt2 : sat : 0.00s
  [73/240] arith/cvc5_mapa/fol_0000073.smt2 : sat : 0.00s
  [74/240] arith/cvc5_mapa/fol_0000074.smt2 : sat : 0.00s
  [75/240] arith/cvc5_mapa/fol_0000075.smt2 : sat : 0.00s
  [76/240] arith/cvc5_mapa/fol_0000076.smt2 : sat : 0.00s
  [77/240] arith/cvc5_mapa/fol_0000077.smt2 : sat : 0.00s
  [78/240] arith/cvc5_mapa/fol_0000078.smt2 : unsat : 0.00s
  [79/240] arith/cvc5_mapa/fol_0000079.smt2 : sat : 0.00s
  [80/240] arith/cvc5_mapa/fol_0000080.smt2 : sat : 0.00s
  [81/240] arith/cvc5_mapa/fol_0000081.smt2 : unsat : 0.00s
  [82/240] arith/cvc5_mapa/fol_0000082.smt2 : sat : 0.00s
  [83/240] arith/cvc5_mapa/fol_0000083.smt2 : unsat : 0.00s
  [84/240] arith/cvc5_mapa/fol_0000084.smt2 : sat : 0.00s
  [85/240] arith/cvc5_mapa/fol_0000085.smt2 : unsat : 0.01s
  [86/240] arith/cvc5_mapa/fol_0000086.smt2 : unsat : 0.01s
  [87/240] arith/cvc5_mapa/fol_0000087.smt2 : unsat : 0.00s
  [88/240] arith/cvc5_mapa/fol_0000088.smt2 : unsat : 0.01s
  [89/240] arith/cvc5_mapa/fol_0000089.smt2 : unsat : 0.01s
  [90/240] arith/cvc5_mapa/fol_0000090.smt2 : sat : 0.00s
  [91/240] arith/cvc5_mapa/fol_0000091.smt2 : unsat : 0.00s
  [92/240] arith/cvc5_mapa/fol_0000092.smt2 : unsat : 0.00s
  [93/240] arith/cvc5_mapa/fol_0000093.smt2 : unsat : 0.00s
  [94/240] arith/cvc5_mapa/fol_0000094.smt2 : unsat : 0.01s
  [95/240] arith/cvc5_mapa/fol_0000095.smt2 : unsat : 0.01s
  [96/240] arith/cvc5_mapa/fol_0000096.smt2 : sat : 0.00s
  [97/240] arith/cvc5_mapa/fol_0000097.smt2 : unsat : 0.01s
  [98/240] arith/cvc5_mapa/fol_0000098.smt2 : unsat : 0.01s
  [99/240] arith/cvc5_mapa/fol_0000099.smt2 : sat : 0.00s
  [100/240] arith/cvc5_mapa/fol_0000100.smt2 : sat : 0.00s
  [101/240] arith/cvc5_mapa/fol_0000101.smt2 : sat : 0.00s
  [102/240] arith/cvc5_mapa/fol_0000102.smt2 : sat : 0.00s
  [103/240] arith/cvc5_mapa/fol_0000103.smt2 : sat : 0.00s
  [104/240] arith/cvc5_mapa/fol_0000104.smt2 : sat : 0.00s
  [105/240] arith/cvc5_mapa/fol_0000105.smt2 : sat : 0.00s
  [106/240] arith/cvc5_mapa/fol_0000106.smt2 : sat : 0.00s
  [107/240] arith/cvc5_mapa/fol_0000107.smt2 : unsat : 0.00s
  [108/240] arith/cvc5_mapa/fol_0000108.smt2 : sat : 0.00s
  [109/240] arith/cvc5_mapa/fol_0000109.smt2 : sat : 0.00s
  [110/240] arith/cvc5_mapa/fol_0000110.smt2 : unsat : 0.01s
  [111/240] arith/cvc5_mapa/fol_0000111.smt2 : unsat : 0.00s
  [112/240] arith/cvc5_mapa/fol_0000112.smt2 : unsat : 0.01s
  [113/240] arith/cvc5_mapa/fol_0000113.smt2 : sat : 0.00s
  [114/240] arith/cvc5_mapa/fol_0000114.smt2 : unsat : 0.00s
  [115/240] arith/cvc5_mapa/fol_0000115.smt2 : unsat : 0.00s
  [116/240] arith/cvc5_mapa/fol_0000116.smt2 : unsat : 0.00s
  [117/240] arith/cvc5_mapa/fol_0000117.smt2 : sat : 0.00s
  [118/240] arith/cvc5_mapa/fol_0000118.smt2 : sat : 0.00s
  [119/240] arith/cvc5_mapa/fol_0000119.smt2 : unsat : 0.01s
  [120/240] arith/cvc5_mapa/fol_0000120.smt2 : unsat : 0.00s
  [121/240] card/cvc5_mapa/fol_0000001.smt2 : sat : 0.00s
  [122/240] card/cvc5_mapa/fol_0000002.smt2 : sat : 0.00s
  [123/240] card/cvc5_mapa/fol_0000003.smt2 : sat : 0.00s
  [124/240] card/cvc5_mapa/fol_0000004.smt2 : sat : 0.00s
  [125/240] card/cvc5_mapa/fol_0000005.smt2 : sat : 0.00s
  [126/240] card/cvc5_mapa/fol_0000006.smt2 : sat : 0.00s
  [127/240] card/cvc5_mapa/fol_0000007.smt2 : sat : 0.00s
  [128/240] card/cvc5_mapa/fol_0000008.smt2 : sat : 0.00s
  [129/240] card/cvc5_mapa/fol_0000009.smt2 : sat : 0.00s
  [130/240] card/cvc5_mapa/fol_0000010.smt2 : sat : 0.00s
  [131/240] card/cvc5_mapa/fol_0000011.smt2 : sat : 0.00s
  [132/240] card/cvc5_mapa/fol_0000012.smt2 : sat : 0.00s
  [133/240] card/cvc5_mapa/fol_0000013.smt2 : sat : 0.00s
  [134/240] card/cvc5_mapa/fol_0000014.smt2 : sat : 0.00s
  [135/240] card/cvc5_mapa/fol_0000015.smt2 : sat : 0.00s
  [136/240] card/cvc5_mapa/fol_0000016.smt2 : sat : 0.00s
  [137/240] card/cvc5_mapa/fol_0000017.smt2 : sat : 0.00s
  [138/240] card/cvc5_mapa/fol_0000018.smt2 : sat : 0.00s
  [139/240] card/cvc5_mapa/fol_0000019.smt2 : sat : 0.00s
  [140/240] card/cvc5_mapa/fol_0000020.smt2 : sat : 0.00s
  [141/240] card/cvc5_mapa/fol_0000021.smt2 : unsat : 0.00s
  [142/240] card/cvc5_mapa/fol_0000022.smt2 : sat : 0.00s
  [143/240] card/cvc5_mapa/fol_0000023.smt2 : unsat : 0.00s
  [144/240] card/cvc5_mapa/fol_0000024.smt2 : sat : 0.00s
  [145/240] card/cvc5_mapa/fol_0000025.smt2 : sat : 0.00s
  [146/240] card/cvc5_mapa/fol_0000026.smt2 : sat : 0.00s
  [147/240] card/cvc5_mapa/fol_0000027.smt2 : sat : 0.00s
  [148/240] card/cvc5_mapa/fol_0000028.smt2 : unsat : 0.01s
  [149/240] card/cvc5_mapa/fol_0000029.smt2 : sat : 0.00s
  [150/240] card/cvc5_mapa/fol_0000030.smt2 : unsat : 0.00s
  [151/240] card/cvc5_mapa/fol_0000031.smt2 : sat : 0.00s
  [152/240] card/cvc5_mapa/fol_0000032.smt2 : unsat : 0.00s
  [153/240] card/cvc5_mapa/fol_0000033.smt2 : sat : 0.00s
  [154/240] card/cvc5_mapa/fol_0000034.smt2 : unsat : 0.00s
  [155/240] card/cvc5_mapa/fol_0000035.smt2 : sat : 0.00s
  [156/240] card/cvc5_mapa/fol_0000036.smt2 : sat : 0.00s
  [157/240] card/cvc5_mapa/fol_0000037.smt2 : sat : 0.00s
  [158/240] card/cvc5_mapa/fol_0000038.smt2 : unsat : 0.00s
  [159/240] card/cvc5_mapa/fol_0000039.smt2 : sat : 0.00s
  [160/240] card/cvc5_mapa/fol_0000040.smt2 : unsat : 0.00s
  [161/240] card/cvc5_mapa/fol_0000041.smt2 : sat : 0.00s
  [162/240] card/cvc5_mapa/fol_0000042.smt2 : sat : 0.00s
  [163/240] card/cvc5_mapa/fol_0000043.smt2 : sat : 0.00s
  [164/240] card/cvc5_mapa/fol_0000044.smt2 : sat : 0.00s
  [165/240] card/cvc5_mapa/fol_0000045.smt2 : unsat : 0.04s
  [166/240] card/cvc5_mapa/fol_0000046.smt2 : sat : 0.26s
  [167/240] card/cvc5_mapa/fol_0000047.smt2 : unsat : 0.26s
  [168/240] card/cvc5_mapa/fol_0000048.smt2 : timeout : 100.00s
  [169/240] card/cvc5_mapa/fol_0000049.smt2 : sat : 53.62s
  [170/240] card/cvc5_mapa/fol_0000050.smt2 : sat : 0.00s
  [171/240] card/cvc5_mapa/fol_0000051.smt2 : sat : 0.00s
  [172/240] card/cvc5_mapa/fol_0000052.smt2 : sat : 0.25s
  [173/240] card/cvc5_mapa/fol_0000053.smt2 : sat : 0.00s
  [174/240] card/cvc5_mapa/fol_0000054.smt2 : sat : 0.26s
  [175/240] card/cvc5_mapa/fol_0000055.smt2 : unsat : 0.35s
  [176/240] card/cvc5_mapa/fol_0000056.smt2 : sat : 0.00s
  [177/240] card/cvc5_mapa/fol_0000057.smt2 : sat : 0.04s
  [178/240] card/cvc5_mapa/fol_0000058.smt2 : unsat : 0.01s
  [179/240] card/cvc5_mapa/fol_0000059.smt2 : unsat : 0.00s
  [180/240] card/cvc5_mapa/fol_0000060.smt2 : unsat : 0.04s
  [181/240] card/cvc5_mapa/fol_0000061.smt2 : unsat : 0.04s
  [182/240] card/cvc5_mapa/fol_0000062.smt2 : sat : 0.04s
  [183/240] card/cvc5_mapa/fol_0000063.smt2 : unsat : 0.01s
  [184/240] card/cvc5_mapa/fol_0000064.smt2 : unsat : 0.00s
  [185/240] card/cvc5_mapa/fol_0000065.smt2 : unsat : 0.04s
  [186/240] card/cvc5_mapa/fol_0000066.smt2 : unsat : 0.04s
  [187/240] card/cvc5_mapa/fol_0000067.smt2 : unsat : 0.04s
  [188/240] card/cvc5_mapa/fol_0000068.smt2 : unsat : 0.04s
  [189/240] card/cvc5_mapa/fol_0000069.smt2 : sat : 0.27s
  [190/240] card/cvc5_mapa/fol_0000070.smt2 : unsat : 0.27s
  [191/240] card/cvc5_mapa/fol_0000071.smt2 : timeout : 100.00s
  [192/240] card/cvc5_mapa/fol_0000072.smt2 : sat : 60.55s
  [193/240] card/cvc5_mapa/fol_0000073.smt2 : sat : 0.01s
  [194/240] card/cvc5_mapa/fol_0000074.smt2 : sat : 0.00s
  [195/240] card/cvc5_mapa/fol_0000075.smt2 : sat : 0.25s
  [196/240] card/cvc5_mapa/fol_0000076.smt2 : sat : 0.01s
  [197/240] card/cvc5_mapa/fol_0000077.smt2 : sat : 0.25s
  [198/240] card/cvc5_mapa/fol_0000078.smt2 : unsat : 0.39s
  [199/240] card/cvc5_mapa/fol_0000079.smt2 : sat : 0.00s
  [200/240] card/cvc5_mapa/fol_0000080.smt2 : sat : 0.07s
  [201/240] card/cvc5_mapa/fol_0000081.smt2 : unsat : 0.00s
  [202/240] card/cvc5_mapa/fol_0000082.smt2 : sat : 0.08s
  [203/240] card/cvc5_mapa/fol_0000083.smt2 : unsat : 0.07s
  [204/240] card/cvc5_mapa/fol_0000084.smt2 : sat : 0.26s
  [205/240] card/cvc5_mapa/fol_0000085.smt2 : unsat : 0.04s
  [206/240] card/cvc5_mapa/fol_0000086.smt2 : unsat : 0.04s
  [207/240] card/cvc5_mapa/fol_0000087.smt2 : unsat : 0.07s
  [208/240] card/cvc5_mapa/fol_0000088.smt2 : unsat : 0.24s
  [209/240] card/cvc5_mapa/fol_0000089.smt2 : unsat : 0.27s
  [210/240] card/cvc5_mapa/fol_0000090.smt2 : sat : 0.07s
  [211/240] card/cvc5_mapa/fol_0000091.smt2 : unsat : 0.00s
  [212/240] card/cvc5_mapa/fol_0000092.smt2 : unsat : 0.07s
  [213/240] card/cvc5_mapa/fol_0000093.smt2 : unsat : 0.07s
  [214/240] card/cvc5_mapa/fol_0000094.smt2 : unsat : 0.04s
  [215/240] card/cvc5_mapa/fol_0000095.smt2 : unsat : 0.26s
  [216/240] card/cvc5_mapa/fol_0000096.smt2 : sat : 34.00s
  [217/240] card/cvc5_mapa/fol_0000097.smt2 : timeout : 100.00s
  [218/240] card/cvc5_mapa/fol_0000098.smt2 : timeout : 100.00s
  [219/240] card/cvc5_mapa/fol_0000099.smt2 : timeout : 100.00s
  [220/240] card/cvc5_mapa/fol_0000100.smt2 : timeout : 100.00s
  [221/240] card/cvc5_mapa/fol_0000101.smt2 : sat : 0.01s
  [222/240] card/cvc5_mapa/fol_0000102.smt2 : timeout : 100.00s
  [223/240] card/cvc5_mapa/fol_0000103.smt2 : sat : 0.01s
  [224/240] card/cvc5_mapa/fol_0000104.smt2 : timeout : 100.00s
  [225/240] card/cvc5_mapa/fol_0000105.smt2 : sat : 0.01s
  [226/240] card/cvc5_mapa/fol_0000106.smt2 : timeout : 100.00s
  [227/240] card/cvc5_mapa/fol_0000107.smt2 : timeout : 100.00s
  [228/240] card/cvc5_mapa/fol_0000108.smt2 : sat : 0.01s
  [229/240] card/cvc5_mapa/fol_0000109.smt2 : sat : 0.26s
  [230/240] card/cvc5_mapa/fol_0000110.smt2 : unsat : 0.04s
  [231/240] card/cvc5_mapa/fol_0000111.smt2 : unsat : 0.06s
  [232/240] card/cvc5_mapa/fol_0000112.smt2 : unsat : 0.25s
  [233/240] card/cvc5_mapa/fol_0000113.smt2 : sat : 0.38s
  [234/240] card/cvc5_mapa/fol_0000114.smt2 : unsat : 0.07s
  [235/240] card/cvc5_mapa/fol_0000115.smt2 : unsat : 0.07s
  [236/240] card/cvc5_mapa/fol_0000116.smt2 : unsat : 0.36s
  [237/240] card/cvc5_mapa/fol_0000117.smt2 : sat : 0.35s
  [238/240] card/cvc5_mapa/fol_0000118.smt2 : sat : 47.16s
  [239/240] card/cvc5_mapa/fol_0000119.smt2 : unsat : 0.24s
  [240/240] card/cvc5_mapa/fol_0000120.smt2 : unsat : 0.35s
  wrote /Users/mahgoubyahia/fmcad26/output/mapa_cvc5_nonneg.csv
  mapa_cvc5_nonneg: updated 240/240 rows

=== sql_cvc5: 29 benchmarks, sequential, timeout 100s ===
  [1/29] sql/linear/calcite-query013-call-0.smt2 : unsat : 0.01s
  [2/29] sql/linear/calcite-query039-call-0.smt2 : unsat : 0.12s
  [3/29] sql/linear/calcite-query040-call-0.smt2 : unsat : 0.04s
  [4/29] sql/linear/calcite-query044-call-0.smt2 : unsat : 0.35s
  [5/29] sql/linear/calcite-query059-call-0.smt2 : sat : 1.36s
  [6/29] sql/linear/calcite-query076-call-0.smt2 : unsat : 0.03s
  [7/29] sql/linear/calcite-query088-call-0.smt2 : unsat : 0.01s
  [8/29] sql/linear/calcite-query120-call-0.smt2 : unsat : 0.20s
  [9/29] sql/linear/calcite-query126-call-0.smt2 : sat : 0.05s
  [10/29] sql/linear/calcite-query126-call-4.smt2 : sat : 0.02s
  [11/29] sql/linear/calcite-query151-call-0.smt2 : unsat : 0.03s
  [12/29] sql/linear/calcite-query156-call-0.smt2 : unsat : 0.12s
  [13/29] sql/linear/calcite-query162-call-0.smt2 : unsat : 0.02s
  [14/29] sql/linear/calcite-query172-call-0.smt2 : unsat : 0.01s
  [15/29] sql/linear/calcite-query176-call-0.smt2 : unsat : 0.03s
  [16/29] sql/linear/calcite-query191-call-0.smt2 : unsat : 0.02s
  [17/29] sql/linear/calcite-query193-call-0.smt2 : sat : 0.01s
  [18/29] sql/linear/calcite-query193-call-4.smt2 : sat : 0.01s
  [19/29] sql/linear/calcite-query207-call-0.smt2 : unsat : 0.05s
  [20/29] sql/linear/calcite-query211-call-0.smt2 : unsat : 0.02s
  [21/29] sql/linear/calcite-query218-call-0.smt2 : unsat : 0.04s
  [22/29] sql/linear/calcite-query219-call-0.smt2 : unsat : 0.21s
  [23/29] sql/linear/calcite-query222-call-0.smt2 : sat : 0.02s
  [24/29] sql/linear/calcite-query222-call-2.smt2 : sat : 0.25s
  [25/29] sql/linear/spark-query035-call-0.smt2 : unsat : 0.02s
  [26/29] sql/linear/spark-query048-call-0.smt2 : unsat : 0.04s
  [27/29] sql/linear/spark-query054-call-0.smt2 : sat : 0.02s
  [28/29] sql/linear/spark-query089-call-0.smt2 : unsat : 0.01s
  [29/29] sql/linear/spark-query090-call-2.smt2 : unsat : 0.03s
  wrote /Users/mahgoubyahia/fmcad26/output/sql_cvc5.csv
  sql_cvc5: updated 29/29 rows

=== sql_cvc5_nonneg: 29 benchmarks, sequential, timeout 100s ===
  [1/29] sql/linear/calcite-query013-call-0.smt2 : unsat : 0.00s
  [2/29] sql/linear/calcite-query039-call-0.smt2 : unsat : 0.12s
  [3/29] sql/linear/calcite-query040-call-0.smt2 : unsat : 0.03s
  [4/29] sql/linear/calcite-query044-call-0.smt2 : unsat : 0.35s
  [5/29] sql/linear/calcite-query059-call-0.smt2 : sat : 0.00s
  [6/29] sql/linear/calcite-query076-call-0.smt2 : unsat : 0.01s
  [7/29] sql/linear/calcite-query088-call-0.smt2 : unsat : 0.00s
  [8/29] sql/linear/calcite-query120-call-0.smt2 : unsat : 0.19s
  [9/29] sql/linear/calcite-query126-call-0.smt2 : sat : 0.03s
  [10/29] sql/linear/calcite-query126-call-4.smt2 : sat : 0.01s
  [11/29] sql/linear/calcite-query151-call-0.smt2 : unsat : 0.02s
  [12/29] sql/linear/calcite-query156-call-0.smt2 : unsat : 0.12s
  [13/29] sql/linear/calcite-query162-call-0.smt2 : unsat : 0.01s
  [14/29] sql/linear/calcite-query172-call-0.smt2 : unsat : 0.00s
  [15/29] sql/linear/calcite-query176-call-0.smt2 : unsat : 0.02s
  [16/29] sql/linear/calcite-query191-call-0.smt2 : unsat : 0.01s
  [17/29] sql/linear/calcite-query193-call-0.smt2 : sat : 0.00s
  [18/29] sql/linear/calcite-query193-call-4.smt2 : sat : 0.00s
  [19/29] sql/linear/calcite-query207-call-0.smt2 : unsat : 0.03s
  [20/29] sql/linear/calcite-query211-call-0.smt2 : unsat : 0.01s
  [21/29] sql/linear/calcite-query218-call-0.smt2 : unsat : 0.03s
  [22/29] sql/linear/calcite-query219-call-0.smt2 : unsat : 0.20s
  [23/29] sql/linear/calcite-query222-call-0.smt2 : sat : 0.00s
  [24/29] sql/linear/calcite-query222-call-2.smt2 : sat : 0.00s
  [25/29] sql/linear/spark-query035-call-0.smt2 : unsat : 0.01s
  [26/29] sql/linear/spark-query048-call-0.smt2 : unsat : 0.03s
  [27/29] sql/linear/spark-query054-call-0.smt2 : sat : 0.00s
  [28/29] sql/linear/spark-query089-call-0.smt2 : unsat : 0.00s
  [29/29] sql/linear/spark-query090-call-2.smt2 : unsat : 0.02s
  wrote /Users/mahgoubyahia/fmcad26/output/sql_cvc5_nonneg.csv
  sql_cvc5_nonneg: updated 29/29 rows

All done: /Users/mahgoubyahia/fmcad26/comparison.csv

wrote /Users/mahgoubyahia/fmcad26/comparison_table.tex
\toprule
Solver & \sat & \unsat & \timeout & \unknown \\
\midrule
\cvc & 284 & 199 & 26 \\
\cvc{} (assume-nonneg) & 284 & 199 & 26 \\
\sqlSolver & 292 & 196 & 21 \\
Modified \sqlSolver & 196 & 196 & 21 & 96 \\
\slsReachability (unfold-5) & 249 & 180 & 80 \\
\slsReachability (unfold-0) & 237 & 168 & 104 \\
\slsReachability (no-interpolation) & 240 & 128 & 141 \\
\bottomrule
CVC5 AB RUN DONE rc=0
